 meme

 Timestamp is 38f1548e (Sun Apr 09 22:11:58 2000)

 Preferred load address is 00400000

 Start         Length     Name                   Class
 0001:00000000 00024817H .text                   CODE
 0002:00000000 00000424H .idata$5                DATA
 0002:00000430 00000a20H .rdata                  DATA
 0002:00000e50 00000064H .idata$2                DATA
 0002:00000eb4 00000014H .idata$3                DATA
 0002:00000ec8 00000424H .idata$4                DATA
 0002:000012ec 000008b0H .idata$6                DATA
 0002:00001b9c 00000000H .edata                  DATA
 0003:00000000 00000004H .CRT$XCA                DATA
 0003:00000004 00000004H .CRT$XCZ                DATA
 0003:00000008 00000004H .CRT$XIA                DATA
 0003:0000000c 00000008H .CRT$XIC                DATA
 0003:00000014 00000004H .CRT$XIZ                DATA
 0003:00000018 00000004H .CRT$XPA                DATA
 0003:0000001c 00000004H .CRT$XPX                DATA
 0003:00000020 00000004H .CRT$XPZ                DATA
 0003:00000024 00000004H .CRT$XTA                DATA
 0003:00000028 00000004H .CRT$XTZ                DATA
 0003:00000030 00003320H .data                   DATA
 0003:00003350 00032a84H .bss                    DATA
 0004:00000000 00000148H .rsrc$01                DATA
 0004:00000150 00000a80H .rsrc$02                DATA

  Address         Publics by Value              Rva+Base     Lib:Object

 0001:00000000       _allocate_dictionary       00401000 f   Allocdic.obj
 0001:00000160       _free_dictionary           00401160 f   Allocdic.obj
 0001:000001b0       _CleanUpSerial             004011b0 f   Chario.obj
 0001:000001b0       _CleanUpMouse              004011b0 f   Chario.obj
 0001:000001b0       _SetUpSerial               004011b0 f   Chario.obj
 0001:000001b0       _check_expiry              004011b0 f   Chario.obj
 0001:000001b0       _SetUpMouse                004011b0 f   Chario.obj
 0001:000001b0       _cprint_evalcopymessage    004011b0 f   Chario.obj
 0001:000001b0       _linemode                  004011b0 f   Chario.obj
 0001:000001b0       _CleanUpRFCache            004011b0 f   Chario.obj
 0001:000001c0       _key                       004011c0 f   Chario.obj
 0001:000001f0       _emit                      004011f0 f   Chario.obj
 0001:00000250       _key_avail                 00401250 f   Chario.obj
 0001:00000270       _DestroyRegion             00401270 f   Cyberspc.obj
 0001:00000280       _PointInRegion             00401280 f   Cyberspc.obj
 0001:00000300       _PointInPrism              00401300 f   Cyberspc.obj
 0001:00000360       _OverlappingPrisms         00401360 f   Cyberspc.obj
 0001:000008e0       _OverlappingRegions        004018e0 f   Cyberspc.obj
 0001:00000950       _AddToRegion               00401950 f   Cyberspc.obj
 0001:00000a20       _NextDBRegion              00401a20 f   Cyberspc.obj
 0001:00000bc0       _FirstDBRegion             00401bc0 f   Cyberspc.obj
 0001:00000d10       _DeleteDBRegion            00401d10 f   Cyberspc.obj
 0001:00000e60       _RegisterDBRegion          00401e60 f   Cyberspc.obj
 0001:00001100       _UnregisterDBRegion        00402100 f   Cyberspc.obj
 0001:00001130       _EnclosingDBRegion         00402130 f   Cyberspc.obj
 0001:00001240       _FirstOverlappingDBRegion  00402240 f   Cyberspc.obj
 0001:000012e0       _NextOverlappingDBRegion   004022e0 f   Cyberspc.obj
 0001:00001370       _DecryptSernum             00402370 f   Decser.obj
 0001:000013f0       _RegisterDeckModule        004023f0 f   dkmodule.obj
 0001:00001440       _inner_interpreter         00402440 f   Forth.obj
 0001:000094c0       _init_dictionary           0040a4c0 f   Forth.obj
 0001:00009650       _init_variables            0040a650 f   Forth.obj
 0001:000097e0       _init_entries              0040a7e0 f   Forth.obj
 0001:00009980       _read_dictionary           0040a980 f   Forth.obj
 0001:00009b80       _type                      0040ab80 f   Forth.obj
 0001:00009bb0       _aligned                   0040abb0 f   Forth.obj
 0001:00009bc0       _vfind                     0040abc0 f   Forth.obj
 0001:00009c50       _find                      0040ac50 f   Forth.obj
 0001:00009da0       _quote_create              0040ada0 f   Forth.obj
 0001:0000a030       _blword                    0040b030 f   Forth.obj
 0001:0000a140       _execute_one               0040b140 f   Forth.obj
 0001:0000a170       _Xexecute_one_with_one_arg 0040b170 f   Forth.obj
 0001:0000a300       _interpret_word            0040b300 f   Forth.obj
 0001:0000a890       _outer_interpreter         0040b890 f   Forth.obj
 0001:0000a9b0       _number                    0040b9b0 f   Forth.obj
 0001:0000aa90       _fill                      0040ba90 f   Forth.obj
 0001:0000aad0       _tocstr                    0040bad0 f   Forth.obj
 0001:0000ab00       _tokstore                  0040bb00 f   Forth.obj
 0001:0000ad60       _doccall                   0040bd60 f   Forth.obj
 0001:0000b6e0       _isfliteral                0040c6e0 f   Forth.obj
 0001:0000b8a0       _ProcessCmdLineArgs        0040c8a0 f   Init.obj
 0001:0000ca20       _SetUpEnv                  0040da20 f   Init.obj
 0001:0000ce70       _WindowsSetUpMeme          0040de70 f   Init.obj
 0001:0000d3d0       _CleanUpMeme               0040e3d0 f   Init.obj
 0001:0000d400       _ExitMeme                  0040e400 f   Init.obj
 0001:0000d4d0       _init_io                   0040e4d0 f   Io.obj
 0001:0000d990       _pop_all                   0040e990 f   Io.obj
 0001:0000da10       _cprint                    0040ea10 f   Io.obj
 0001:0000da30       _error                     0040ea30 f   Io.obj
 0001:0000dae0       _fatal                     0040eae0 f   Io.obj
 0001:0000db30       _nextchar                  0040eb30 f   Io.obj
 0001:0000e200       _cexpect                   0040f200 f   Io.obj
 0001:0000e290       _load                      0040f290 f   Io.obj
 0001:0000e510       _prompt                    0040f510 f   Io.obj
 0001:0000e5b0       _load_pop                  0040f5b0 f   Io.obj
 0001:0000e600       _pfgets                    0040f600 f   Io.obj
 0001:0000e660       _pfgetline                 0040f660 f   Io.obj
 0001:0000e700       _EditorWndProc@16          0040f700 f   Main.obj
 0001:0000e9f0       _GraphicsWndProc@16        0040f9f0 f   Main.obj
 0001:0000ecc0       _AsyncWndProc@16           0040fcc0 f   Main.obj
 0001:0000ed10       _FirstInstance             0040fd10 f   Main.obj
 0001:0000ee70       _AnyInstance               0040fe70 f   Main.obj
 0001:0000f0a0       _WinMain@16                004100a0 f   Main.obj
 0001:0000f180       __matherr                  00410180 f   Matherr.obj
 0001:0000f1c0       _InitializeObjects         004101c0 f   Meme.obj
 0001:0000f2c0       _NumberObjects             004102c0 f   Meme.obj
 0001:0000f2e0       _CheckFamilyPtrs           004102e0 f   Meme.obj
 0001:0000f4c0       _Orphan                    004104c0 f   Meme.obj
 0001:0000f530       _Adopts                    00410530 f   Meme.obj
 0001:0000f610       _NewObject                 00410610 f   Meme.obj
 0001:0000f700       _DestroyObject             00410700 f   Meme.obj
 0001:0000f7b0       _WhichModule               004107b0 f   Meme.obj
 0001:0000f7f0       _NewModule                 004107f0 f   Meme.obj
 0001:0000f850       _DestroyModule             00410850 f   Meme.obj
 0001:0000f8b0       _Float2IFloat              004108b0 f   Meme.obj
 0001:0000f940       _IFloat2Float              00410940 f   Meme.obj
 0001:0000f980       _MemeJoystickB             00410980 f   Memejoy.obj
 0001:0000f980       _MemeJoystickY             00410980 f   Memejoy.obj
 0001:0000f980       _dosyscall                 00410980 f   Memejoy.obj
 0001:0000f980       _MemeJoystickX             00410980 f   Memejoy.obj
 0001:0000f990       _NewMat                    00410990 f   Mememat.obj
 0001:0000fa30       _DestroyMat                00410a30 f   Mememat.obj
 0001:0000fa80       _MatColor                  00410a80 f   Mememat.obj
 0001:0000fae0       _MatOpacity                00410ae0 f   Mememat.obj
 0001:0000fb40       _MatSurface                00410b40 f   Mememat.obj
 0001:0000fbb0       _MatGeometry               00410bb0 f   Mememat.obj
 0001:0000fbf0       _MatShading                00410bf0 f   Mememat.obj
 0001:0000fc30       _MatTexture                00410c30 f   Mememat.obj
 0001:0000fc70       _MatWrap                   00410c70 f   Mememat.obj
 0001:0000fcb0       _MemeMouseX                00410cb0 f   Mememaus.obj
 0001:0000fd00       _MemeMouseY                00410d00 f   Mememaus.obj
 0001:0000fd50       _MemeMouseB                00410d50 f   Mememaus.obj
 0001:0000fdf0       _SetUpNetwork              00410df0 f   memenet.obj
 0001:0000ffd0       _NetTitle                  00410fd0 f   memenet.obj
 0001:000101e0       _CleanUpNetwork            004111e0 f   memenet.obj
 0001:00010200       _NetConnect                00411200 f   memenet.obj
 0001:000107a0       _NetListen                 004117a0 f   memenet.obj
 0001:00010d90       _NetConnected              00411d90 f   memenet.obj
 0001:00011110       _NetAccepted               00412110 f   memenet.obj
 0001:000117c0       _NetStatus                 004127c0 f   memenet.obj
 0001:000119a0       _NetRead                   004129a0 f   memenet.obj
 0001:00011c30       _NetWrite                  00412c30 f   memenet.obj
 0001:00011d70       _NetDisconnect             00412d70 f   memenet.obj
 0001:00011ef0       _NetDisconnected           00412ef0 f   memenet.obj
 0001:000121e0       _NetOften                  004131e0 f   memenet.obj
 0001:00012350       _NetName2HostID            00413350 f   memenet.obj
 0001:00012480       _IsMyHostID                00413480 f   memenet.obj
 0001:000124b0       _SendRemoteMemeMessage     004134b0 f   memenet.obj
 0001:000128c0       _SendMemeMessage           004138c0 f   memenet.obj
 0001:00012b80       _NetDispatch               00413b80 f   memenet.obj
 0001:00012cd0       _DispatchAsyncMessage      00413cd0 f   memenet.obj
 0001:00012d70       _WindowsReleaseFocus       00413d70 f   Memerend.obj
 0001:00012d90       _WindowsGrabFocus          00413d90 f   Memerend.obj
 0001:00012df0       _SetUpRendering            00413df0 f   Memerend.obj
 0001:00013130       _RenderingBanner           00414130 f   Memerend.obj
 0001:000131b0       _CleanUpRendering          004141b0 f   Memerend.obj
 0001:00013230       __MemeFlattenClumpHierarchy@4 00414230 f   Memerend.obj
 0001:00013250       _NewCameraObject           00414250 f   Memerend.obj
 0001:00013460       _NewLightObject            00414460 f   Memerend.obj
 0001:00013520       _NewVisibleObject          00414520 f   Memerend.obj
 0001:00013640       _NewSpriteObject           00414640 f   Memerend.obj
 0001:000136b0       _NewImaginaryObject        004146b0 f   Memerend.obj
 0001:000136e0       _NewCompoundObject         004146e0 f   Memerend.obj
 0001:00013720       _EngineSpecificDestroyObject 00414720 f   Memerend.obj
 0001:00013800       _TransformTree             00414800 f   Memerend.obj
 0001:000139b0       _TransformBranch           004149b0 f   Memerend.obj
 0001:00013b20       _Transform                 00414b20 f   Memerend.obj
 0001:00013e30       _ShowView                  00414e30 f   Memerend.obj
 0001:00013f10       _OnPaint                   00414f10 f   Memerend.obj
 0001:00014010       _OnSize                    00415010 f   Memerend.obj
 0001:00014200       _Render                    00415200 f   Memerend.obj
 0001:00014250       _MemeCurrentCamera         00415250 f   Memerend.obj
 0001:000142e0       _MemeSetCameraBackColor    004152e0 f   Memerend.obj
 0001:00014310       _MemeSetCameraBackdrop     00415310 f   Memerend.obj
 0001:00014460       _MemeSetCameraBackdropOffset 00415460 f   Memerend.obj
 0001:00014480       _MemeSetCameraViewWindow   00415480 f   Memerend.obj
 0001:000144d0       _MemeScreenHeight          004154d0 f   Memerend.obj
 0001:000144f0       _MemeScreenWidth           004154f0 f   Memerend.obj
 0001:00014510       _MemeWindowHeight          00415510 f   Memerend.obj
 0001:00014530       _MemeWindowWidth           00415530 f   Memerend.obj
 0001:00014550       _MemePickObject            00415550 f   Memerend.obj
 0001:000145e0       _MemeSetVertex             004155e0 f   Memerend.obj
 0001:00014620       _MemePolygonCount          00415620 f   Memerend.obj
 0001:00014640       _MemeNewTexture            00415640 f   Memerend.obj
 0001:00014660       _MemeNewMaskedTexture      00415660 f   Memerend.obj
 0001:000146c0       _MemeTextureFrameStep      004156c0 f   Memerend.obj
 0001:000146d0       _MemeTextureNextFrame      004156d0 f   Memerend.obj
 0001:000146e0       _MemeSetTextureFrame       004156e0 f   Memerend.obj
 0001:000146f0       _MemePolygonMaterial       004156f0 f   Memerend.obj
 0001:000148c0       _MemeShapeMaterial         004158c0 f   Memerend.obj
 0001:00014910       _MemeGetPolygonMaterial    00415910 f   Memerend.obj
 0001:000149e0       _MemeWriteShape            004159e0 f   Memerend.obj
 0001:00014a10       _MemeDestroyTexture        00415a10 f   Memerend.obj
 0001:00014a20       _MemeGetVertexCount        00415a20 f   Memerend.obj
 0001:00014a30       _MemeGetVertex             00415a30 f   Memerend.obj
 0001:00014a70       _MemeWhichObject           00415a70 f   Memerend.obj
 0001:00014ab0       _MemeLightColor            00415ab0 f   Memerend.obj
 0001:00014ae0       _MemeLightConeAngle        00415ae0 f   Memerend.obj
 0001:00014b10       _MemeGetPolygon            00415b10 f   Memerend.obj
 0001:00014b80       _MemeEmptyShape            00415b80 f   Memerend.obj
 0001:00014bb0       _MemeAddVertex             00415bb0 f   Memerend.obj
 0001:00014be0       _MemeAddPolygon            00415be0 f   Memerend.obj
 0001:00014c00       _MemeAddShape              00415c00 f   Memerend.obj
 0001:00014c30       _MemeReversePolygonNormal  00415c30 f   Memerend.obj
 0001:00014c40       _MemeReverseShapeNormals   00415c40 f   Memerend.obj
 0001:00014c70       _MemeTextureCamera         00415c70 f   Memerend.obj
 0001:00014cb0       _SerialOpen                00415cb0 f   Memeser.obj
 0001:00014fc0       _SerialClose               00415fc0 f   Memeser.obj
 0001:00015010       _SerialRead                00416010 f   Memeser.obj
 0001:00015050       _SerialWrite               00416050 f   Memeser.obj
 0001:00015110       _zerotimer                 00416110 f   Mstimer.obj
 0001:00015130       _settimer                  00416130 f   Mstimer.obj
 0001:000151e0       _timedout                  004161e0 f   Mstimer.obj
 0001:000152b0       _MemeOften                 004162b0 f   Often.obj
 0001:000153d0       _SetUpRFCache              004163d0 f   rfcache.obj
 0001:00015430       _AddRFileToCache           00416430 f   rfcache.obj
 0001:00015590       _IsCached                  00416590 f   rfcache.obj
 0001:00015710       _SetUpRFiles               00416710 f   Rfile.obj
 0001:00015740       _CleanUpRFiles             00416740 f   Rfile.obj
 0001:00015750       _FreeRFile                 00416750 f   Rfile.obj
 0001:00015800       _Name2URL                  00416800 f   Rfile.obj
 0001:00015950       _OpenURL                   00416950 f   Rfile.obj
 0001:00016120       _WaitURL                   00417120 f   Rfile.obj
 0001:00016310       _HandleFileServerMessage   00417310 f   Rfile.obj
 0001:00016690       _RFileOften                00417690 f   Rfile.obj
 0001:000170e0       _handle_signal             004180e0 f   Syscall.obj
 0001:00017350       _init_signals              00418350 f   Syscall.obj
 0001:000173b0       _report_signal             004183b0 f   Syscall.obj
 0001:000173e0       _myrand                    004183e0 f   Util.obj
 0001:00017410       _myrandomize               00418410 f   Util.obj
 0001:00017440       _abspathname               00418440 f   Util.obj
 0001:00017480       _FileSize                  00418480 f   Util.obj
 0001:000174c0       _Memetmpname               004184c0 f   Util.obj
 0001:000174e0       _PathName                  004184e0 f   Util.obj
 0001:00017710       _MemeFilePathName          00418710 f   Util.obj
 0001:00017730       _safestrcpy                00418730 f   Util.obj
 0001:00017790       _CurrentYear               00418790 f   Util.obj
 0001:000177d0       _RwDeviceControl@16        004187d0 f   rwl21:RWL21.DLL
 0001:000177d6       _RwCreateScene@0           004187d6 f   rwl21:RWL21.DLL
 0001:000177dc       _RwGetDeviceInfo@12        004187dc f   rwl21:RWL21.DLL
 0001:000177e2       _RwOpenExt@16              004187e2 f   rwl21:RWL21.DLL
 0001:000177e8       _RwClose@0                 004187e8 f   rwl21:RWL21.DLL
 0001:000177ee       _RwSetCameraViewwindow@12  004187ee f   rwl21:RWL21.DLL
 0001:000177f4       _RwGetCameraViewport@20    004187f4 f   rwl21:RWL21.DLL
 0001:000177fa       _RwGetCameraViewwindow@12  004187fa f   rwl21:RWL21.DLL
 0001:00017800       _RwAddPolygonsToClump@8    00418800 f   rwl21:RWL21.DLL
 0001:00017806       _RwDestroyClump@4          00418806 f   rwl21:RWL21.DLL
 0001:0001780c       _RwForAllClumpsInHierarchy@8 0041880c f   rwl21:RWL21.DLL
 0001:00017812       _RwCreateClump@8           00418812 f   rwl21:RWL21.DLL
 0001:00017818       _RwSetCameraViewport@20    00418818 f   rwl21:RWL21.DLL
 0001:0001781e       _RwSetCameraNearClipping@8 0041881e f   rwl21:RWL21.DLL
 0001:00017824       _RwCreateCamera@12         00418824 f   rwl21:RWL21.DLL
 0001:0001782a       _RwSetStereoCameraMode@8   0041882a f   rwl21:RWL21.DLL
 0001:00017830       _RwCreateStereoCamera@12   00418830 f   rwl21:RWL21.DLL
 0001:00017836       _RwAddLightToScene@8       00418836 f   rwl21:RWL21.DLL
 0001:0001783c       _RwSetLightRadius@8        0041883c f   rwl21:RWL21.DLL
 0001:00017842       _RwCreateLight@20          00418842 f   rwl21:RWL21.DLL
 0001:00017848       _RwAddClumpToScene@8       00418848 f   rwl21:RWL21.DLL
 0001:0001784e       _RwSetClumpHints@8         0041884e f   rwl21:RWL21.DLL
 0001:00017854       _RwReadShape@4             00418854 f   rwl21:RWL21.DLL
 0001:0001785a       _RwSetClumpAxisAlignment@8 0041885a f   rwl21:RWL21.DLL
 0001:00017860       _RwCreateSprite@4          00418860 f   rwl21:RWL21.DLL
 0001:00017866       _RwRemoveClumpFromScene@4  00418866 f   rwl21:RWL21.DLL
 0001:0001786c       _RwDestroyLight@4          0041886c f   rwl21:RWL21.DLL
 0001:00017872       _RwRemoveLightFromScene@4  00418872 f   rwl21:RWL21.DLL
 0001:00017878       _RwDestroyCamera@4         00418878 f   rwl21:RWL21.DLL
 0001:0001787e       _RwDestroyStereoCamera@4   0041887e f   rwl21:RWL21.DLL
 0001:00017884       _RwDestroyRaster@4         00418884 f   rwl21:RWL21.DLL
 0001:0001788a       _RwSetCameraBackdropViewportRect@20 0041888a f   rwl21:RWL21.DLL
 0001:00017890       _RwSetCameraBackdrop@8     00418890 f   rwl21:RWL21.DLL
 0001:00017896       _RwGetCameraBackdrop@4     00418896 f   rwl21:RWL21.DLL
 0001:0001789c       _RwPopScratchMatrix@0      0041889c f   rwl21:RWL21.DLL
 0001:000178a2       _RwTransformLight@12       004188a2 f   rwl21:RWL21.DLL
 0001:000178a8       _RwTransformCamera@12      004188a8 f   rwl21:RWL21.DLL
 0001:000178ae       _RwTransformClump@12       004188ae f   rwl21:RWL21.DLL
 0001:000178b4       _RwScaleMatrix@20          004188b4 f   rwl21:RWL21.DLL
 0001:000178ba       _RwRotateMatrix@24         004188ba f   rwl21:RWL21.DLL
 0001:000178c0       _RwTranslateMatrix@20      004188c0 f   rwl21:RWL21.DLL
 0001:000178c6       _RwScratchMatrix@0         004188c6 f   rwl21:RWL21.DLL
 0001:000178cc       _RwPushScratchMatrix@0     004188cc f   rwl21:RWL21.DLL
 0001:000178d2       _RwIdentityMatrix@4        004188d2 f   rwl21:RWL21.DLL
 0001:000178d8       _RwGetMatrixElements@8     004188d8 f   rwl21:RWL21.DLL
 0001:000178de       _RwTransformVector@8       004188de f   rwl21:RWL21.DLL
 0001:000178e4       _RwDestroyMatrix@4         004188e4 f   rwl21:RWL21.DLL
 0001:000178ea       _RwTransformPoint@8        004188ea f   rwl21:RWL21.DLL
 0001:000178f0       _RwTransformMatrix@12      004188f0 f   rwl21:RWL21.DLL
 0001:000178f6       _RwInvertMatrix@8          004188f6 f   rwl21:RWL21.DLL
 0001:000178fc       _RwCreateMatrix@0          004188fc f   rwl21:RWL21.DLL
 0001:00017902       _RwShowCameraImage@8       00418902 f   rwl21:RWL21.DLL
 0001:00017908       _RwEndCameraUpdate@4       00418908 f   rwl21:RWL21.DLL
 0001:0001790e       _RwRenderScene@4           0041890e f   rwl21:RWL21.DLL
 0001:00017914       _RwClearCameraViewport@4   00418914 f   rwl21:RWL21.DLL
 0001:0001791a       _RwBeginCameraUpdate@8     0041891a f   rwl21:RWL21.DLL
 0001:00017920       _RwShowStereoCameraImage@8 00418920 f   rwl21:RWL21.DLL
 0001:00017926       _RwEndStereoCameraUpdate@4 00418926 f   rwl21:RWL21.DLL
 0001:0001792c       _RwRenderStereoScene@4     0041892c f   rwl21:RWL21.DLL
 0001:00017932       _RwClearStereoCameraViewport@4 00418932 f   rwl21:RWL21.DLL
 0001:00017938       _RwBeginStereoCameraUpdate@8 00418938 f   rwl21:RWL21.DLL
 0001:0001793e       _RwDamageCameraViewport@20 0041893e f   rwl21:RWL21.DLL
 0001:00017944       _RwSetCameraBackColorStruct@8 00418944 f   rwl21:RWL21.DLL
 0001:0001794a       _RwReadRaster@8            0041894a f   rwl21:RWL21.DLL
 0001:00017950       _RwSetCameraBackdropOffset@12 00418950 f   rwl21:RWL21.DLL
 0001:00017956       _RwForAllPolygonsInClumpPointer@12 00418956 f   rwl21:RWL21.DLL
 0001:0001795c       _RwSetPolygonOpacity@8     0041895c f   rwl21:RWL21.DLL
 0001:00017962       _RwSetPolygonColor@16      00418962 f   rwl21:RWL21.DLL
 0001:00017968       _RwGetClumpVertex@12       00418968 f   rwl21:RWL21.DLL
 0001:0001796e       _RwPickScene@20            0041896e f   rwl21:RWL21.DLL
 0001:00017974       _RwSetClumpVertex@12       00418974 f   rwl21:RWL21.DLL
 0001:0001797a       _RwGetClumpNumPolygons@4   0041897a f   rwl21:RWL21.DLL
 0001:00017980       _RwReadTexture@4           00418980 f   rwl21:RWL21.DLL
 0001:00017986       _RwMaskTexture@8           00418986 f   rwl21:RWL21.DLL
 0001:0001798c       _RwReadMaskRaster@4        0041898c f   rwl21:RWL21.DLL
 0001:00017992       _RwSetTextureFrameStep@8   00418992 f   rwl21:RWL21.DLL
 0001:00017998       _RwTextureNextFrame@4      00418998 f   rwl21:RWL21.DLL
 0001:0001799e       _RwSetTextureFrame@8       0041899e f   rwl21:RWL21.DLL
 0001:000179a4       _RwSetPolygonLightSampling@8 004189a4 f   rwl21:RWL21.DLL
 0001:000179aa       _RwSetPolygonGeometrySampling@8 004189aa f   rwl21:RWL21.DLL
 0001:000179b0       _RwSetPolygonTextureModes@8 004189b0 f   rwl21:RWL21.DLL
 0001:000179b6       _RwSetPolygonTexture@8     004189b6 f   rwl21:RWL21.DLL
 0001:000179bc       _RwSetPolygonSurface@16    004189bc f   rwl21:RWL21.DLL
 0001:000179c2       _RwGetPolygonSpecular@4    004189c2 f   rwl21:RWL21.DLL
 0001:000179c8       _RwGetPolygonDiffuse@4     004189c8 f   rwl21:RWL21.DLL
 0001:000179ce       _RwGetPolygonAmbient@4     004189ce f   rwl21:RWL21.DLL
 0001:000179d4       _RwGetPolygonColor@8       004189d4 f   rwl21:RWL21.DLL
 0001:000179da       _RwCubicTexturizeClump@4   004189da f   rwl21:RWL21.DLL
 0001:000179e0       _RwSphericalTexturizeClump@4 004189e0 f   rwl21:RWL21.DLL
 0001:000179e6       _RwGetPolygonLightSampling@4 004189e6 f   rwl21:RWL21.DLL
 0001:000179ec       _RwGetPolygonGeometrySampling@4 004189ec f   rwl21:RWL21.DLL
 0001:000179f2       _RwGetPolygonTexture@4     004189f2 f   rwl21:RWL21.DLL
 0001:000179f8       _RwGetPolygonOpacity@4     004189f8 f   rwl21:RWL21.DLL
 0001:000179fe       _RwWriteShape@8            004189fe f   rwl21:RWL21.DLL
 0001:00017a04       _RwDestroyTexture@4        00418a04 f   rwl21:RWL21.DLL
 0001:00017a0a       _RwGetClumpNumVertices@4   00418a0a f   rwl21:RWL21.DLL
 0001:00017a10       _RwSetLightColor@16        00418a10 f   rwl21:RWL21.DLL
 0001:00017a16       _RwSetLightConeAngle@8     00418a16 f   rwl21:RWL21.DLL
 0001:00017a1c       _RwForAllPolygonsInClumpInt@12 00418a1c f   rwl21:RWL21.DLL
 0001:00017a22       _RwAddVertexToClump@16     00418a22 f   rwl21:RWL21.DLL
 0001:00017a28       _RwAddPolygonToClump@12    00418a28 f   rwl21:RWL21.DLL
 0001:00017a2e       _RwReversePolygonFace@4    00418a2e f   rwl21:RWL21.DLL
 0001:00017a34       _RwForAllPolygonsInClump@8 00418a34 f   rwl21:RWL21.DLL
 0001:00017a3a       _RwSetTextureRaster@8      00418a3a f   rwl21:RWL21.DLL
 0001:00017a40       _RwDuplicateRaster@4       00418a40 f   rwl21:RWL21.DLL
 0001:00017a46       _RwGetRasterWidth@4        00418a46 f   rwl21:RWL21.DLL
 0001:00017a4c       _RwGetRasterHeight@4       00418a4c f   rwl21:RWL21.DLL
 0001:00017a52       _RwGetCameraRaster@4       00418a52 f   rwl21:RWL21.DLL
 0001:00017a58       _ntohl@4                   00418a58 f   wsock32:WSOCK32.dll
 0001:00017a5e       _gethostbyname@4           00418a5e f   wsock32:WSOCK32.dll
 0001:00017a64       _gethostname@8             00418a64 f   wsock32:WSOCK32.dll
 0001:00017a6a       _WSACleanup@0              00418a6a f   wsock32:WSOCK32.dll
 0001:00017a70       _WSAStartup@8              00418a70 f   wsock32:WSOCK32.dll
 0001:00017a76       _htonl@4                   00418a76 f   wsock32:WSOCK32.dll
 0001:00017a7c       _connect@12                00418a7c f   wsock32:WSOCK32.dll
 0001:00017a82       _htons@4                   00418a82 f   wsock32:WSOCK32.dll
 0001:00017a88       _bind@12                   00418a88 f   wsock32:WSOCK32.dll
 0001:00017a8e       _ioctlsocket@12            00418a8e f   wsock32:WSOCK32.dll
 0001:00017a94       _WSAGetLastError@0         00418a94 f   wsock32:WSOCK32.dll
 0001:00017a9a       _closesocket@4             00418a9a f   wsock32:WSOCK32.dll
 0001:00017aa0       _setsockopt@20             00418aa0 f   wsock32:WSOCK32.dll
 0001:00017aa6       _socket@12                 00418aa6 f   wsock32:WSOCK32.dll
 0001:00017aac       _listen@8                  00418aac f   wsock32:WSOCK32.dll
 0001:00017ab2       _getpeername@12            00418ab2 f   wsock32:WSOCK32.dll
 0001:00017ab8       _ntohs@4                   00418ab8 f   wsock32:WSOCK32.dll
 0001:00017abe       _getsockname@12            00418abe f   wsock32:WSOCK32.dll
 0001:00017ac4       _select@20                 00418ac4 f   wsock32:WSOCK32.dll
 0001:00017aca       _accept@12                 00418aca f   wsock32:WSOCK32.dll
 0001:00017ad0       ___WSAFDIsSet@8            00418ad0 f   wsock32:WSOCK32.dll
 0001:00017ad6       _recv@16                   00418ad6 f   wsock32:WSOCK32.dll
 0001:00017adc       _send@16                   00418adc f   wsock32:WSOCK32.dll
 0001:00017ae2       _inet_addr@4               00418ae2 f   wsock32:WSOCK32.dll
 0001:00017ae8       _WSAAsyncSelect@16         00418ae8 f   wsock32:WSOCK32.dll
 0001:00017aee       _malloc                    00418aee f   LIBC:malloc.obj
 0001:00017b00       __nh_malloc                00418b00 f   LIBC:malloc.obj
 0001:00017b2c       __heap_alloc               00418b2c f   LIBC:malloc.obj
 0001:00017b62       _free                      00418b62 f   LIBC:free.obj
 0001:00017b94       _longjmp                   00418b94 f   LIBC:longjmp.obj
 0001:00017c0d       _realloc                   00418c0d f   LIBC:realloc.obj
 0001:00017d30       __setjmp3                  00418d30 f   LIBC:setjmp3.obj
 0001:00017dab       __fpmath                   00418dab f   LIBC:fpinit.obj
 0001:00017dc2       __fpclear                  00418dc2 f   LIBC:fpinit.obj
 0001:00017dc3       __cfltcvt_init             00418dc3 f   LIBC:fpinit.obj
 0001:00017dfb       _fclose                    00418dfb f   LIBC:fclose.obj
 0001:00017e51       _fread                     00418e51 f   LIBC:fread.obj
 0001:00017f39       __fsopen                   00418f39 f   LIBC:fopen.obj
 0001:00017f59       _fopen                     00418f59 f   LIBC:fopen.obj
 0001:00017f6c       _fwrite                    00418f6c f   LIBC:fwrite.obj
 0001:00018076       _fseek                     00419076 f   LIBC:fseek.obj
 0001:00018102       _rename                    00419102 f   LIBC:rename.obj
 0001:00018130       _remove                    00419130 f   LIBC:unlink.obj
 0001:0001815a       _unlink                    0041915a f   LIBC:unlink.obj
 0001:0001815a       __unlink                   0041915a f   LIBC:unlink.obj
 0001:00018165       _sprintf                   00419165 f   LIBC:sprintf.obj
 0001:000181b7       __close                    004191b7 f   LIBC:close.obj
 0001:0001826a       __write                    0041926a f   LIBC:write.obj
 0001:00018417       _localtime                 00419417 f   LIBC:localtim.obj
 0001:00018577       _ftime                     00419577 f   LIBC:ftime.obj
 0001:00018577       __ftime                    00419577 f   LIBC:ftime.obj
 0001:0001865c       __sopen                    0041965c f   LIBC:open.obj
 0001:00018915       _atol                      00419915 f   LIBC:atox.obj
 0001:000189a0       _atoi                      004199a0 f   LIBC:atox.obj
 0001:000189ab       _time                      004199ab f   LIBC:time.obj
 0001:00018a87       _atof                      00419a87 f   LIBC:atof.obj
 0001:00018ad4       _floor                     00419ad4 f   LIBC:floor.obj
 0001:00018ba3       _ceil                      00419ba3 f   LIBC:ceil.obj
 0001:00018c72       _ungetc                    00419c72 f   LIBC:ungetc.obj
 0001:00018ce0       _fflush                    00419ce0 f   LIBC:fflush.obj
 0001:00018d1b       __flush                    00419d1b f   LIBC:fflush.obj
 0001:00018d77       __flushall                 00419d77 f   LIBC:fflush.obj
 0001:00018ded       _ftell                     00419ded f   LIBC:ftell.obj
 0001:00018f45       _fputs                     00419f45 f   LIBC:fputs.obj
 0001:00018f88       __flsbuf                   00419f88 f   LIBC:_flsbuf.obj
 0001:0001909d       _fgetc                     0041a09d f   LIBC:fgetc.obj
 0001:000190b7       __cinit                    0041a0b7 f   LIBC:crt0dat.obj
 0001:000190e4       _exit                      0041a0e4 f   LIBC:crt0dat.obj
 0001:000190f5       __exit                     0041a0f5 f   LIBC:crt0dat.obj
 0001:000191b9       _system                    0041a1b9 f   LIBC:system.obj
 0001:00019250       __ftol                     0041a250 f   LIBC:ftol.obj
 0001:00019280       __CIpow                    0041a280 f   LIBC:pow.obj
 0001:00019299       _pow                       0041a299 f   LIBC:pow.obj
 0001:000194a0       _sinh                      0041a4a0 f   LIBC:87ctrigh.obj
 0001:000194aa       _cosh                      0041a4aa f   LIBC:87ctrigh.obj
 0001:000194b1       _tanh                      0041a4b1 f   LIBC:87ctrigh.obj
 0001:000194b8       __CIsinh                   0041a4b8 f   LIBC:87ctrigh.obj
 0001:000194c2       __CIcosh                   0041a4c2 f   LIBC:87ctrigh.obj
 0001:000194c9       __CItanh                   0041a4c9 f   LIBC:87ctrigh.obj
 0001:000194d0       __CIacos                   0041a4d0 f   LIBC:acos.obj
 0001:000194e4       _acos                      0041a4e4 f   LIBC:acos.obj
 0001:000195a0       __CIasin                   0041a5a0 f   LIBC:asin.obj
 0001:000195b4       _asin                      0041a5b4 f   LIBC:asin.obj
 0001:00019670       _fmod                      0041a670 f   LIBC:87fmod.obj
 0001:0001967a       __CIfmod                   0041a67a f   LIBC:87fmod.obj
 0001:000196a2       __isctype                  0041a6a2 f   LIBC:isctype.obj
 0001:00019720       _strncpy                   0041a720 f   LIBC:strncpy.obj
 0001:00019830       _strchr                    0041a830 f   LIBC:strchr.obj
 0001:00019836       ___from_strstr_to_strchr   0041a836 f   LIBC:strchr.obj
 0001:000198ec       _sscanf                    0041a8ec f   LIBC:sscanf.obj
 0001:00019920       _strstr                    0041a920 f   LIBC:strstr.obj
 0001:000199a0       __putenv                   0041a9a0 f   LIBC:putenv.obj
 0001:00019a40       _strrchr                   0041aa40 f   LIBC:strrchr.obj
 0001:00019a67       _getenv                    0041aa67 f   LIBC:getenv.obj
 0001:00019ae4       ___initstdio               0041aae4 f   LIBC:_file.obj
 0001:00019b89       ___endstdio                0041ab89 f   LIBC:_file.obj
 0001:00019b9d       __filbuf                   0041ab9d f   LIBC:_filbuf.obj
 0001:00019c80       __chkstk                   0041ac80 f   LIBC:chkstk.obj
 0001:00019c80       __alloca_probe             0041ac80 f   LIBC:chkstk.obj
 0001:00019cb0       _strncmp                   0041acb0 f   LIBC:strncmp.obj
 0001:00019ce8       _tolower                   0041ace8 f   LIBC:tolower.obj
 0001:00019db3       _toupper                   0041adb3 f   LIBC:toupper.obj
 0001:00019e7f       _fgets                     0041ae7f f   LIBC:fgets.obj
 0001:00019ed6       _signal                    0041aed6 f   LIBC:winsig.obj
 0001:0001a05f       __control87                0041b05f f   LIBC:ieee87.obj
 0001:0001a094       __controlfp                0041b094 f   LIBC:ieee87.obj
 0001:0001a0aa       __fpreset                  0041b0aa f   LIBC:ieee87.obj
 0001:0001a1ef       _WinMainCRTStartup         0041b1ef f   LIBC:wincrt0.obj
 0001:0001a2e5       __amsg_exit                0041b2e5 f   LIBC:wincrt0.obj
 0001:0001a32e       __callnewh                 0041b32e f   LIBC:handler.obj
 0001:0001a349       __heap_init                0041b349 f   LIBC:heapinit.obj
 0001:0001a385       ___sbh_heap_init           0041b385 f   LIBC:sbheap.obj
 0001:0001a3c3       ___sbh_find_block          0041b3c3 f   LIBC:sbheap.obj
 0001:0001a3ee       ___sbh_free_block          0041b3ee f   LIBC:sbheap.obj
 0001:0001a719       ___sbh_alloc_block         0041b719 f   LIBC:sbheap.obj
 0001:0001aa22       ___sbh_alloc_new_region    0041ba22 f   LIBC:sbheap.obj
 0001:0001aad3       ___sbh_alloc_new_group     0041bad3 f   LIBC:sbheap.obj
 0001:0001abce       ___sbh_resize_block        0041bbce f   LIBC:sbheap.obj
 0001:0001aec4       __global_unwind2           0041bec4 f   LIBC:exsup.obj
 0001:0001af06       __local_unwind2            0041bf06 f   LIBC:exsup.obj
 0001:0001af5e       __NLG_Return2              0041bf5e f   LIBC:exsup.obj
 0001:0001af6e       __abnormal_termination     0041bf6e f   LIBC:exsup.obj
 0001:0001af91       __NLG_Notify1              0041bf91 f   LIBC:exsup.obj
 0001:0001af9a       __NLG_Notify               0041bf9a f   LIBC:exsup.obj
 0001:0001afad       __NLG_Dispatch             0041bfad f   LIBC:exsup.obj
 0001:0001afb2       __rt_probe_read4@4         0041bfb2 f   LIBC:sehsupp.obj
 0001:0001b020       _memcpy                    0041c020 f   LIBC:memcpy.obj
 0001:0001b355       __setdefaultprecision      0041c355 f   LIBC:fp8.obj
 0001:0001b367       __ms_p5_test_fdiv          0041c367 f   LIBC:testfdiv.obj
 0001:0001b3a5       __ms_p5_mp_test_fdiv       0041c3a5 f   LIBC:testfdiv.obj
 0001:0001b3ce       __forcdecpt                0041c3ce f   LIBC:cvt.obj
 0001:0001b428       __cropzeros                0041c428 f   LIBC:cvt.obj
 0001:0001b476       __positive                 0041c476 f   LIBC:cvt.obj
 0001:0001b48e       __fassign                  0041c48e f   LIBC:cvt.obj
 0001:0001b4cc       __cftoe                    0041c4cc f   LIBC:cvt.obj
 0001:0001b5d0       __cftof                    0041c5d0 f   LIBC:cvt.obj
 0001:0001b6ae       __cftog                    0041c6ae f   LIBC:cvt.obj
 0001:0001b793       __cfltcvt                  0041c793 f   LIBC:cvt.obj
 0001:0001b809       __freebuf                  0041c809 f   LIBC:_freebuf.obj
 0001:0001b834       __read                     0041c834 f   LIBC:read.obj
 0001:0001ba2a       __openfile                 0041ca2a f   LIBC:_open.obj
 0001:0001bb9a       __getstream                0041cb9a f   LIBC:stream.obj
 0001:0001bc12       __lseek                    0041cc12 f   LIBC:lseek.obj
 0001:0001bcac       __dosmaperr                0041ccac f   LIBC:dosmap.obj
 0001:0001bd13       __output                   0041cd13 f   LIBC:output.obj
 0001:0001c51d       __alloc_osfhnd             0041d51d f   LIBC:osfinfo.obj
 0001:0001c5b2       __set_osfhnd               0041d5b2 f   LIBC:osfinfo.obj
 0001:0001c629       __free_osfhnd              0041d629 f   LIBC:osfinfo.obj
 0001:0001c6a3       __get_osfhandle            0041d6a3 f   LIBC:osfinfo.obj
 0001:0001c6e0       __ioinit                   0041d6e0 f   LIBC:ioinit.obj
 0001:0001c88b       ___tzset                   0041d88b f   LIBC:tzset.obj
 0001:0001c8a0       __tzset                    0041d8a0 f   LIBC:tzset.obj
 0001:0001cafe       __isindst                  0041dafe f   LIBC:tzset.obj
 0001:0001cdea       _gmtime                    0041ddea f   LIBC:gmtime.obj
 0001:0001cef0       __aullrem                  0041def0 f   LIBC:ullrem.obj
 0001:0001cf70       __aulldiv                  0041df70 f   LIBC:ulldiv.obj
 0001:0001cfd8       __chsize                   0041dfd8 f   LIBC:chsize.obj
 0001:0001d120       __allmul                   0041e120 f   LIBC:llmul.obj
 0001:0001d154       ___loctotime_t             0041e154 f   LIBC:dtoxtime.obj
 0001:0001d216       __fltin                    0041e216 f   LIBC:cfin.obj
 0001:0001d2b0       _strlen                    0041e2b0 f   LIBC:strlen.obj
 0001:0001d32b       __handle_qnan1             0041e32b f   LIBC:fpexcept.obj
 0001:0001d37e       __except1                  0041e37e f   LIBC:fpexcept.obj
 0001:0001d416       __raise_exc                0041e416 f   LIBC:fpexcept.obj
 0001:0001d6c9       __handle_exc               0041e6c9 f   LIBC:fpexcept.obj
 0001:0001d8e0       __umatherr                 0041e8e0 f   LIBC:fpexcept.obj
 0001:0001d968       __set_errno                0041e968 f   LIBC:fpexcept.obj
 0001:0001d9b3       __errcode                  0041e9b3 f   LIBC:fpexcept.obj
 0001:0001d9e0       __frnd                     0041e9e0 f   LIBC:frnd.obj
 0001:0001d9f2       __set_exp                  0041e9f2 f   LIBC:util.obj
 0001:0001da1b       __sptype                   0041ea1b f   LIBC:util.obj
 0001:0001da75       __decomp                   0041ea75 f   LIBC:util.obj
 0001:0001db36       __statfp                   0041eb36 f   LIBC:fpctrl.obj
 0001:0001db44       __clrfp                    0041eb44 f   LIBC:fpctrl.obj
 0001:0001db53       __ctrlfp                   0041eb53 f   LIBC:fpctrl.obj
 0001:0001db76       __set_statfp               0041eb76 f   LIBC:fpctrl.obj
 0001:0001dbcc       __getbuf                   0041ebcc f   LIBC:_getbuf.obj
 0001:0001dc10       __commit                   0041ec10 f   LIBC:commit.obj
 0001:0001dc67       __stbuf                    0041ec67 f   LIBC:_sftbuf.obj
 0001:0001dcf4       __ftbuf                    0041ecf4 f   LIBC:_sftbuf.obj
 0001:0001dd31       __isatty                   0041ed31 f   LIBC:isatty.obj
 0001:0001dd57       __spawnvpe                 0041ed57 f   LIBC:spawnvpe.obj
 0001:0001deba       __spawnve                  0041eeba f   LIBC:spawnve.obj
 0001:0001e054       __access                   0041f054 f   LIBC:access.obj
 0001:0001e0b1       __fFEXP                    0041f0b1 f   LIBC:87tran.obj
 0001:0001e118       __rtinfpopse               0041f118 f   LIBC:87tran.obj
 0001:0001e11a       __rtinfnpopse              0041f11a f   LIBC:87tran.obj
 0001:0001e12a       __fFLN                     0041f12a f   LIBC:87tran.obj
 0001:0001e1df       __rtinfpop                 0041f1df f   LIBC:87tran.obj
 0001:0001e1e1       __rtinfnpop                0041f1e1 f   LIBC:87tran.obj
 0001:0001e1fe       __ffexpm1                  0041f1fe f   LIBC:87tran.obj
 0001:0001e2b0       __trandisp1                0041f2b0 f   LIBC:87disp.obj
 0001:0001e317       __trandisp2                0041f317 f   LIBC:87disp.obj
 0001:0001e3a3       __rttospopde               0041f3a3 f   LIBC:87disp.obj
 0001:0001e3a8       __rttospop                 0041f3a8 f   LIBC:87disp.obj
 0001:0001e3aa       __rtnospop                 0041f3aa f   LIBC:87disp.obj
 0001:0001e3ac       __rttosnpop                0041f3ac f   LIBC:87disp.obj
 0001:0001e3ad       __rtnospopde               0041f3ad f   LIBC:87disp.obj
 0001:0001e3b4       __rtzeropop                0041f3b4 f   LIBC:87disp.obj
 0001:0001e3b6       __rtzeronpop               0041f3b6 f   LIBC:87disp.obj
 0001:0001e3bb       __rtonepop                 0041f3bb f   LIBC:87disp.obj
 0001:0001e3bd       __rtonenpop                0041f3bd f   LIBC:87disp.obj
 0001:0001e3c2       __tosnan1                  0041f3c2 f   LIBC:87disp.obj
 0001:0001e3ed       __nosnan2                  0041f3ed f   LIBC:87disp.obj
 0001:0001e3ef       __tosnan2                  0041f3ef f   LIBC:87disp.obj
 0001:0001e417       __nan2                     0041f417 f   LIBC:87disp.obj
 0001:0001e456       __rtindfpop                0041f456 f   LIBC:87disp.obj
 0001:0001e458       __rtindfnpop               0041f458 f   LIBC:87disp.obj
 0001:0001e469       __rttosnpopde              0041f469 f   LIBC:87disp.obj
 0001:0001e473       __rtchsifneg               0041f473 f   LIBC:87disp.obj
 0001:0001e480       __startTwoArgErrorHandling 0041f480 f   LIBC:genexcep.obj
 0001:0001e497       __startOneArgErrorHandling 0041f497 f   LIBC:genexcep.obj
 0001:0001e4e0       __twoToTOS                 0041f4e0 f   LIBC:common.obj
 0001:0001e4f5       __load_CW                  0041f4f5 f   LIBC:common.obj
 0001:0001e50c       __convertTOStoQNaN         0041f50c f   LIBC:common.obj
 0001:0001e525       __fload_withFB             0041f525 f   LIBC:common.obj
 0001:0001e568       __checkTOS_withFB          0041f568 f   LIBC:common.obj
 0001:0001e57e       __fast_exit                0041f57e f   LIBC:common.obj
 0001:0001e58b       __math_exit                0041f58b f   LIBC:common.obj
 0001:0001e5b5       __check_overflow_exit      0041f5b5 f   LIBC:common.obj
 0001:0001e5c9       __check_range_exit         0041f5c9 f   LIBC:common.obj
 0001:0001e66c       __powhlp                   0041f66c f   LIBC:powhlp.obj
 0001:0001e79c       __d_inttype                0041f79c f   LIBC:powhlp.obj
 0001:0001e810       __fFSINH                   0041f810 f   LIBC:87trigh.obj
 0001:0001e862       __fFCOSH                   0041f862 f   LIBC:87trigh.obj
 0001:0001e910       __cintrindisp2             0041f910 f   LIBC:87cdisp.obj
 0001:0001e94e       __cintrindisp1             0041f94e f   LIBC:87cdisp.obj
 0001:0001e984       __ctrandisp2               0041f984 f   LIBC:87cdisp.obj
 0001:0001eaf5       __ctrandisp1               0041faf5 f   LIBC:87cdisp.obj
 0001:0001eb21       __fload                    0041fb21 f   LIBC:87cdisp.obj
 0001:0001eb60       _fdiv_main_routine         0041fb60 f   LIBC:adj_fdiv.obj
 0001:0001ec77       __adj_fdiv_r               0041fc77 f   LIBC:adj_fdiv.obj
 0001:0001f116       __fdivp_sti_st             00420116 f   LIBC:adj_fdiv.obj
 0001:0001f129       __fdivrp_sti_st            00420129 f   LIBC:adj_fdiv.obj
 0001:0001f13c       __adj_fdiv_m32             0042013c f   LIBC:adj_fdiv.obj
 0001:0001f188       __adj_fdiv_m64             00420188 f   LIBC:adj_fdiv.obj
 0001:0001f1d4       __adj_fdiv_m16i            004201d4 f   LIBC:adj_fdiv.obj
 0001:0001f208       __adj_fdiv_m32i            00420208 f   LIBC:adj_fdiv.obj
 0001:0001f23c       __adj_fdivr_m32            0042023c f   LIBC:adj_fdiv.obj
 0001:0001f288       __adj_fdivr_m64            00420288 f   LIBC:adj_fdiv.obj
 0001:0001f2d4       __adj_fdivr_m16i           004202d4 f   LIBC:adj_fdiv.obj
 0001:0001f308       __adj_fdivr_m32i           00420308 f   LIBC:adj_fdiv.obj
 0001:0001f33c       __safe_fdiv                0042033c f   LIBC:adj_fdiv.obj
 0001:0001f351       __safe_fdivr               00420351 f   LIBC:adj_fdiv.obj
 0001:0001f366       __fprem_common             00420366 f   LIBC:adj_fdiv.obj
 0001:0001f56c       __adj_fprem                0042056c f   LIBC:adj_fdiv.obj
 0001:0001f61e       __fprem1_common            0042061e f   LIBC:adj_fdiv.obj
 0001:0001f824       __adj_fprem1               00420824 f   LIBC:adj_fdiv.obj
 0001:0001f8d9       __safe_fprem               004208d9 f   LIBC:adj_fdiv.obj
 0001:0001f8df       __safe_fprem1              004208df f   LIBC:adj_fdiv.obj
 0001:0001f8e5       __adj_fpatan               004208e5 f   LIBC:adj_fdiv.obj
 0001:0001f8e8       __adj_fptan                004208e8 f   LIBC:adj_fdiv.obj
 0001:0001f8eb       ___crtGetStringTypeA       004208eb f   LIBC:a_str.obj
 0001:0001fa34       __input                    00420a34 f   LIBC:input.obj
 0001:000204e5       ___crtwsetenv              004214e5 f   LIBC:wsetenv.obj
 0001:0002073b       ___crtsetenv               0042173b f   LIBC:setenv.obj
 0001:00020990       _strcpy                    00421990 f   LIBC:strcat.obj
 0001:000209a0       _strcat                    004219a0 f   LIBC:strcat.obj
 0001:00020a80       __mbsnbicoll               00421a80 f   LIBC:mbsnbico.obj
 0001:00020abf       ___wtomb_environ           00421abf f   LIBC:wtombenv.obj
 0001:00020b2d       _calloc                    00421b2d f   LIBC:calloc.obj
 0001:00020baa       __fcloseall                00421baa f   LIBC:closeall.obj
 0001:00020c02       ___crtLCMapStringA         00421c02 f   LIBC:a_map.obj
 0001:00020e26       __XcptFilter               00421e26 f   LIBC:winxfltr.obj
 0001:00020faa       __wincmdln                 00421faa f   LIBC:wincmdln.obj
 0001:00021002       __setenvp                  00422002 f   LIBC:stdenvp.obj
 0001:000210bb       __setargv                  004220bb f   LIBC:stdargv.obj
 0001:00021308       ___crtGetEnvironmentStringsA 00422308 f   LIBC:a_env.obj
 0001:00021444       __except_handler3          00422444 f   LIBC:exsup3.obj
 0001:00021501       __seh_longjmp_unwind@4     00422501 f   LIBC:exsup3.obj
 0001:0002151c       __FF_MSGBANNER             0042251c f   LIBC:crt0msg.obj
 0001:00021555       __NMSG_WRITE               00422555 f   LIBC:crt0msg.obj
 0001:000216b0       _memmove                   004226b0 f   LIBC:memmove.obj
 0001:000219e5       __ZeroTail                 004229e5 f   LIBC:intrncvt.obj
 0001:00021a2e       __IncMan                   00422a2e f   LIBC:intrncvt.obj
 0001:00021a84       __RoundMan                 00422a84 f   LIBC:intrncvt.obj
 0001:00021b10       __CopyMan                  00422b10 f   LIBC:intrncvt.obj
 0001:00021b2b       __FillZeroMan              00422b2b f   LIBC:intrncvt.obj
 0001:00021b37       __IsZeroMan                00422b37 f   LIBC:intrncvt.obj
 0001:00021b52       __ShrMan                   00422b52 f   LIBC:intrncvt.obj
 0001:00021bdf       __ld12cvt                  00422bdf f   LIBC:intrncvt.obj
 0001:00021d4b       __ld12tod                  00422d4b f   LIBC:intrncvt.obj
 0001:00021d61       __ld12tof                  00422d61 f   LIBC:intrncvt.obj
 0001:00021d77       __atodbl                   00422d77 f   LIBC:intrncvt.obj
 0001:00021da4       __atoflt                   00422da4 f   LIBC:intrncvt.obj
 0001:00021dd1       __fptostr                  00422dd1 f   LIBC:_fptostr.obj
 0001:00021e48       __fltout                   00422e48 f   LIBC:cfout.obj
 0001:00021eac       ___dtold                   00422eac f   LIBC:cfout.obj
 0001:00021f70       _memset                    00422f70 f   LIBC:memset.obj
 0001:00021fc8       __fptrap                   00422fc8 f   LIBC:crt0fp.obj
 0001:00021fd1       _wctomb                    00422fd1 f   LIBC:wctomb.obj
 0001:00022040       _strcmp                    00423040 f   LIBC:strcmp.obj
 0001:000220c4       __setmode                  004230c4 f   LIBC:setmode.obj
 0001:0002213a       ___strgtold12              0042313a f   LIBC:strgtold.obj
 0001:0002260b       __mbsrchr                  0042360b f   LIBC:mbsrchr.obj
 0001:0002266b       __getpath                  0042366b f   LIBC:getpath.obj
 0001:000226df       __mbschr                   004236df f   LIBC:mbschr.obj
 0001:00022752       __dospawn                  00423752 f   LIBC:dospawn.obj
 0001:00022931       __cenvarg                  00423931 f   LIBC:cenvarg.obj
 0001:00022b35       __87except                 00423b35 f   LIBC:87except.obj
 0001:00022c05       __fpclass                  00423c05 f   LIBC:ieeemisc.obj
 0001:00022c97       _mbtowc                    00423c97 f   LIBC:mbtowc.obj
 0001:00022d5f       _isspace                   00423d5f f   LIBC:_ctype.obj
 0001:00022d90       __allshl                   00423d90 f   LIBC:llshl.obj
 0001:00022daf       _wcscpy                    00423daf f   LIBC:wcscat.obj
 0001:00022dd4       _wcslen                    00423dd4 f   LIBC:wcslen.obj
 0001:00022df1       ___mbtow_environ           00423df1 f   LIBC:mbtowenv.obj
 0001:00022e59       _wcschr                    00423e59 f   LIBC:wcschr.obj
 0001:00022e82       __wcsnicoll                00423e82 f   LIBC:wcsnicol.obj
 0001:00022ee0       __wcsdup                   00423ee0 f   LIBC:wcsdup.obj
 0001:00022f0e       _strdup                    00423f0e f   LIBC:strdup.obj
 0001:00022f0e       __strdup                   00423f0e f   LIBC:strdup.obj
 0001:00022f39       ___crtCompareStringA       00423f39 f   LIBC:a_cmp.obj
 0001:000231e1       __setmbcp                  004241e1 f   LIBC:mbctype.obj
 0001:000235a5       ___initmbctable            004245a5 f   LIBC:mbctype.obj
 0001:000235c1       __ismbblead                004245c1 f   LIBC:ismbbyte.obj
 0001:00023603       ___crtMessageBoxA          00424603 f   LIBC:crtmbox.obj
 0001:0002368c       ___addl                    0042468c f   LIBC:mantold.obj
 0001:000236ad       ___add_12                  004246ad f   LIBC:mantold.obj
 0001:0002370b       ___shl_12                  0042470b f   LIBC:mantold.obj
 0001:00023739       ___shr_12                  00424739 f   LIBC:mantold.obj
 0001:00023766       ___mtold12                 00424766 f   LIBC:mantold.obj
 0001:0002382d       _$I10_OUTPUT               0042482d f   LIBC:x10fout.obj
 0001:00023ac0       ___ld12mul                 00424ac0 f   LIBC:tenpow.obj
 0001:00023ce0       ___multtenpow12            00424ce0 f   LIBC:tenpow.obj
 0001:00023d5c       ___crtCompareStringW       00424d5c f   LIBC:w_cmp.obj
 0001:00023fa7       __wcsnicmp                 00424fa7 f   LIBC:wcsnicmp.obj
 0001:0002403d       _towlower                  0042503d f   LIBC:towlower.obj
 0001:000240b2       ___crtLCMapStringW         004250b2 f   LIBC:w_map.obj
 0001:000242bb       _iswctype                  004252bb f   LIBC:iswctype.obj
 0001:0002430d       ___crtGetStringTypeW       0042530d f   LIBC:w_str.obj
 0001:000244e0       _RtlUnwind@16              004254e0 f   kernel32:KERNEL32.dll
 0001:000244e6       __getcwd                   004254e6 f   LIBC:getcwd.obj
 0001:000244e6       _getcwd                    004254e6 f   LIBC:getcwd.obj
 0001:000244f9       __getdcwd                  004254f9 f   LIBC:getcwd.obj
 0001:000245ca       __validdrive               004255ca f   LIBC:getcwd.obj
 0001:00024601       _itoa                      00425601 f   LIBC:xtoa.obj
 0001:00024601       __itoa                     00425601 f   LIBC:xtoa.obj
 0001:0002468a       _chdir                     0042568a f   LIBC:chdir.obj
 0001:0002468a       __chdir                    0042568a f   LIBC:chdir.obj
 0001:00024710       __strcmpi                  00425710 f   LIBC:stricmp.obj
 0001:00024710       __stricmp                  00425710 f   LIBC:stricmp.obj
 0001:00024710       _stricmp                   00425710 f   LIBC:stricmp.obj
 0001:0002479c       __mbctoupper               0042579c f   LIBC:mbtoupr.obj
 0002:00000000       __imp__GetStockObject@4    00426000     gdi32:GDI32.dll
 0002:00000004       __imp__CreateFontA@56      00426004     gdi32:GDI32.dll
 0002:00000008       \177GDI32_NULL_THUNK_DATA  00426008     gdi32:GDI32.dll
 0002:0000000c       __imp__SetCurrentDirectoryA@4 0042600c     kernel32:KERNEL32.dll
 0002:00000010       __imp__HeapAlloc@12        00426010     kernel32:KERNEL32.dll
 0002:00000014       __imp__HeapFree@12         00426014     kernel32:KERNEL32.dll
 0002:00000018       __imp__HeapReAlloc@16      00426018     kernel32:KERNEL32.dll
 0002:0000001c       __imp__MoveFileA@8         0042601c     kernel32:KERNEL32.dll
 0002:00000020       __imp__DeleteFileA@4       00426020     kernel32:KERNEL32.dll
 0002:00000024       __imp__GetTimeZoneInformation@4 00426024     kernel32:KERNEL32.dll
 0002:00000028       __imp__GetSystemTimeAsFileTime@4 00426028     kernel32:KERNEL32.dll
 0002:0000002c       __imp__GetFileType@4       0042602c     kernel32:KERNEL32.dll
 0002:00000030       __imp__GetSystemTime@4     00426030     kernel32:KERNEL32.dll
 0002:00000034       __imp__GetLocalTime@4      00426034     kernel32:KERNEL32.dll
 0002:00000038       __imp__ExitProcess@4       00426038     kernel32:KERNEL32.dll
 0002:0000003c       __imp__TerminateProcess@8  0042603c     kernel32:KERNEL32.dll
 0002:00000040       __imp__GetCurrentProcess@0 00426040     kernel32:KERNEL32.dll
 0002:00000044       __imp__MultiByteToWideChar@24 00426044     kernel32:KERNEL32.dll
 0002:00000048       __imp__SetConsoleCtrlHandler@8 00426048     kernel32:KERNEL32.dll
 0002:0000004c       __imp__GetModuleHandleA@4  0042604c     kernel32:KERNEL32.dll
 0002:00000050       __imp__GetStartupInfoA@4   00426050     kernel32:KERNEL32.dll
 0002:00000054       __imp__GetCommandLineA@0   00426054     kernel32:KERNEL32.dll
 0002:00000058       __imp__GetVersion@0        00426058     kernel32:KERNEL32.dll
 0002:0000005c       __imp__HeapDestroy@4       0042605c     kernel32:KERNEL32.dll
 0002:00000060       __imp__HeapCreate@12       00426060     kernel32:KERNEL32.dll
 0002:00000064       __imp__VirtualFree@12      00426064     kernel32:KERNEL32.dll
 0002:00000068       __imp__VirtualAlloc@16     00426068     kernel32:KERNEL32.dll
 0002:0000006c       __imp__RtlUnwind@16        0042606c     kernel32:KERNEL32.dll
 0002:00000070       __imp__GetProcAddress@8    00426070     kernel32:KERNEL32.dll
 0002:00000074       __imp__SetFilePointer@16   00426074     kernel32:KERNEL32.dll
 0002:00000078       __imp__SetStdHandle@8      00426078     kernel32:KERNEL32.dll
 0002:0000007c       __imp__SetHandleCount@4    0042607c     kernel32:KERNEL32.dll
 0002:00000080       __imp__GetStdHandle@4      00426080     kernel32:KERNEL32.dll
 0002:00000084       __imp__WideCharToMultiByte@32 00426084     kernel32:KERNEL32.dll
 0002:00000088       __imp__SetEndOfFile@4      00426088     kernel32:KERNEL32.dll
 0002:0000008c       __imp__RaiseException@16   0042608c     kernel32:KERNEL32.dll
 0002:00000090       __imp__Beep@8              00426090     kernel32:KERNEL32.dll
 0002:00000094       __imp__WaitForSingleObject@8 00426094     kernel32:KERNEL32.dll
 0002:00000098       __imp__WriteFile@20        00426098     kernel32:KERNEL32.dll
 0002:0000009c       __imp__ReadFile@20         0042609c     kernel32:KERNEL32.dll
 0002:000000a0       __imp__CreateFileA@28      004260a0     kernel32:KERNEL32.dll
 0002:000000a4       __imp__GetCommState@8      004260a4     kernel32:KERNEL32.dll
 0002:000000a8       __imp__CloseHandle@4       004260a8     kernel32:KERNEL32.dll
 0002:000000ac       __imp__SetCommState@8      004260ac     kernel32:KERNEL32.dll
 0002:000000b0       __imp__SetCommMask@8       004260b0     kernel32:KERNEL32.dll
 0002:000000b4       __imp__SetCommTimeouts@8   004260b4     kernel32:KERNEL32.dll
 0002:000000b8       __imp__CreateEventA@16     004260b8     kernel32:KERNEL32.dll
 0002:000000bc       __imp__GlobalUnlock@4      004260bc     kernel32:KERNEL32.dll
 0002:000000c0       __imp__GlobalLock@4        004260c0     kernel32:KERNEL32.dll
 0002:000000c4       __imp__GetVersionExA@4     004260c4     kernel32:KERNEL32.dll
 0002:000000c8       __imp__GetCurrentThreadId@0 004260c8     kernel32:KERNEL32.dll
 0002:000000cc       __imp__Sleep@4             004260cc     kernel32:KERNEL32.dll
 0002:000000d0       __imp__GetFullPathNameA@16 004260d0     kernel32:KERNEL32.dll
 0002:000000d4       __imp__GetDriveTypeA@4     004260d4     kernel32:KERNEL32.dll
 0002:000000d8       __imp__GetLastError@0      004260d8     kernel32:KERNEL32.dll
 0002:000000dc       __imp__GetFileAttributesA@4 004260dc     kernel32:KERNEL32.dll
 0002:000000e0       __imp__GetStringTypeA@20   004260e0     kernel32:KERNEL32.dll
 0002:000000e4       __imp__FlushFileBuffers@4  004260e4     kernel32:KERNEL32.dll
 0002:000000e8       __imp__SetEnvironmentVariableW@8 004260e8     kernel32:KERNEL32.dll
 0002:000000ec       __imp__SetEnvironmentVariableA@8 004260ec     kernel32:KERNEL32.dll
 0002:000000f0       __imp__GetStringTypeW@16   004260f0     kernel32:KERNEL32.dll
 0002:000000f4       __imp__LCMapStringW@24     004260f4     kernel32:KERNEL32.dll
 0002:000000f8       __imp__UnhandledExceptionFilter@4 004260f8     kernel32:KERNEL32.dll
 0002:000000fc       __imp__LCMapStringA@24     004260fc     kernel32:KERNEL32.dll
 0002:00000100       __imp__FreeEnvironmentStringsA@4 00426100     kernel32:KERNEL32.dll
 0002:00000104       __imp__FreeEnvironmentStringsW@4 00426104     kernel32:KERNEL32.dll
 0002:00000108       __imp__GetModuleFileNameA@12 00426108     kernel32:KERNEL32.dll
 0002:0000010c       __imp__GetEnvironmentStringsW@0 0042610c     kernel32:KERNEL32.dll
 0002:00000110       __imp__GetExitCodeProcess@8 00426110     kernel32:KERNEL32.dll
 0002:00000114       __imp__GetEnvironmentStrings@0 00426114     kernel32:KERNEL32.dll
 0002:00000118       __imp__GetCPInfo@8         00426118     kernel32:KERNEL32.dll
 0002:0000011c       __imp__CompareStringA@24   0042611c     kernel32:KERNEL32.dll
 0002:00000120       __imp__CreateProcessA@40   00426120     kernel32:KERNEL32.dll
 0002:00000124       __imp__GetACP@0            00426124     kernel32:KERNEL32.dll
 0002:00000128       __imp__GetOEMCP@0          00426128     kernel32:KERNEL32.dll
 0002:0000012c       __imp__CompareStringW@24   0042612c     kernel32:KERNEL32.dll
 0002:00000130       __imp__GetCurrentDirectoryA@8 00426130     kernel32:KERNEL32.dll
 0002:00000134       __imp__LoadLibraryA@4      00426134     kernel32:KERNEL32.dll
 0002:00000138       \177KERNEL32_NULL_THUNK_DATA 00426138     kernel32:KERNEL32.dll
 0002:0000013c       __imp__RwSetPolygonTexture@8 0042613c     rwl21:RWL21.DLL
 0002:00000140       __imp__RwSetPolygonSurface@16 00426140     rwl21:RWL21.DLL
 0002:00000144       __imp__RwGetPolygonSpecular@4 00426144     rwl21:RWL21.DLL
 0002:00000148       __imp__RwGetPolygonDiffuse@4 00426148     rwl21:RWL21.DLL
 0002:0000014c       __imp__RwSetPolygonTextureModes@8 0042614c     rwl21:RWL21.DLL
 0002:00000150       __imp__RwSetPolygonGeometrySampling@8 00426150     rwl21:RWL21.DLL
 0002:00000154       __imp__RwGetPolygonAmbient@4 00426154     rwl21:RWL21.DLL
 0002:00000158       __imp__RwCubicTexturizeClump@4 00426158     rwl21:RWL21.DLL
 0002:0000015c       __imp__RwSphericalTexturizeClump@4 0042615c     rwl21:RWL21.DLL
 0002:00000160       __imp__RwGetPolygonLightSampling@4 00426160     rwl21:RWL21.DLL
 0002:00000164       __imp__RwGetPolygonGeometrySampling@4 00426164     rwl21:RWL21.DLL
 0002:00000168       __imp__RwGetPolygonTexture@4 00426168     rwl21:RWL21.DLL
 0002:0000016c       __imp__RwGetPolygonOpacity@4 0042616c     rwl21:RWL21.DLL
 0002:00000170       __imp__RwGetPolygonColor@8 00426170     rwl21:RWL21.DLL
 0002:00000174       __imp__RwTextureNextFrame@4 00426174     rwl21:RWL21.DLL
 0002:00000178       __imp__RwClearCameraViewport@4 00426178     rwl21:RWL21.DLL
 0002:0000017c       __imp__RwSetLightColor@16  0042617c     rwl21:RWL21.DLL
 0002:00000180       __imp__RwSetLightConeAngle@8 00426180     rwl21:RWL21.DLL
 0002:00000184       __imp__RwForAllPolygonsInClumpInt@12 00426184     rwl21:RWL21.DLL
 0002:00000188       __imp__RwAddVertexToClump@16 00426188     rwl21:RWL21.DLL
 0002:0000018c       __imp__RwAddPolygonToClump@12 0042618c     rwl21:RWL21.DLL
 0002:00000190       __imp__RwReversePolygonFace@4 00426190     rwl21:RWL21.DLL
 0002:00000194       __imp__RwForAllPolygonsInClump@8 00426194     rwl21:RWL21.DLL
 0002:00000198       __imp__RwSetTextureRaster@8 00426198     rwl21:RWL21.DLL
 0002:0000019c       __imp__RwDuplicateRaster@4 0042619c     rwl21:RWL21.DLL
 0002:000001a0       __imp__RwGetRasterWidth@4  004261a0     rwl21:RWL21.DLL
 0002:000001a4       __imp__RwGetRasterHeight@4 004261a4     rwl21:RWL21.DLL
 0002:000001a8       __imp__RwGetCameraRaster@4 004261a8     rwl21:RWL21.DLL
 0002:000001ac       __imp__RwSetPolygonLightSampling@8 004261ac     rwl21:RWL21.DLL
 0002:000001b0       __imp__RwSetTextureFrame@8 004261b0     rwl21:RWL21.DLL
 0002:000001b4       __imp__RwMaskTexture@8     004261b4     rwl21:RWL21.DLL
 0002:000001b8       __imp__RwSetTextureFrameStep@8 004261b8     rwl21:RWL21.DLL
 0002:000001bc       __imp__RwReadMaskRaster@4  004261bc     rwl21:RWL21.DLL
 0002:000001c0       __imp__RwSetClumpVertex@12 004261c0     rwl21:RWL21.DLL
 0002:000001c4       __imp__RwReadTexture@4     004261c4     rwl21:RWL21.DLL
 0002:000001c8       __imp__RwGetClumpNumPolygons@4 004261c8     rwl21:RWL21.DLL
 0002:000001cc       __imp__RwSetPolygonColor@16 004261cc     rwl21:RWL21.DLL
 0002:000001d0       __imp__RwPickScene@20      004261d0     rwl21:RWL21.DLL
 0002:000001d4       __imp__RwGetClumpVertex@12 004261d4     rwl21:RWL21.DLL
 0002:000001d8       __imp__RwSetCameraBackdropOffset@12 004261d8     rwl21:RWL21.DLL
 0002:000001dc       __imp__RwSetPolygonOpacity@8 004261dc     rwl21:RWL21.DLL
 0002:000001e0       __imp__RwForAllPolygonsInClumpPointer@12 004261e0     rwl21:RWL21.DLL
 0002:000001e4       __imp__RwDamageCameraViewport@20 004261e4     rwl21:RWL21.DLL
 0002:000001e8       __imp__RwReadRaster@8      004261e8     rwl21:RWL21.DLL
 0002:000001ec       __imp__RwSetCameraBackColorStruct@8 004261ec     rwl21:RWL21.DLL
 0002:000001f0       __imp__RwRenderStereoScene@4 004261f0     rwl21:RWL21.DLL
 0002:000001f4       __imp__RwBeginStereoCameraUpdate@8 004261f4     rwl21:RWL21.DLL
 0002:000001f8       __imp__RwClearStereoCameraViewport@4 004261f8     rwl21:RWL21.DLL
 0002:000001fc       __imp__RwBeginCameraUpdate@8 004261fc     rwl21:RWL21.DLL
 0002:00000200       __imp__RwEndStereoCameraUpdate@4 00426200     rwl21:RWL21.DLL
 0002:00000204       __imp__RwShowStereoCameraImage@8 00426204     rwl21:RWL21.DLL
 0002:00000208       __imp__RwWriteShape@8      00426208     rwl21:RWL21.DLL
 0002:0000020c       __imp__RwRenderScene@4     0042620c     rwl21:RWL21.DLL
 0002:00000210       __imp__RwClose@0           00426210     rwl21:RWL21.DLL
 0002:00000214       __imp__RwEndCameraUpdate@4 00426214     rwl21:RWL21.DLL
 0002:00000218       __imp__RwShowCameraImage@8 00426218     rwl21:RWL21.DLL
 0002:0000021c       __imp__RwCreateMatrix@0    0042621c     rwl21:RWL21.DLL
 0002:00000220       __imp__RwInvertMatrix@8    00426220     rwl21:RWL21.DLL
 0002:00000224       __imp__RwTransformMatrix@12 00426224     rwl21:RWL21.DLL
 0002:00000228       __imp__RwTransformPoint@8  00426228     rwl21:RWL21.DLL
 0002:0000022c       __imp__RwDestroyMatrix@4   0042622c     rwl21:RWL21.DLL
 0002:00000230       __imp__RwTransformVector@8 00426230     rwl21:RWL21.DLL
 0002:00000234       __imp__RwGetMatrixElements@8 00426234     rwl21:RWL21.DLL
 0002:00000238       __imp__RwIdentityMatrix@4  00426238     rwl21:RWL21.DLL
 0002:0000023c       __imp__RwPushScratchMatrix@0 0042623c     rwl21:RWL21.DLL
 0002:00000240       __imp__RwScratchMatrix@0   00426240     rwl21:RWL21.DLL
 0002:00000244       __imp__RwTranslateMatrix@20 00426244     rwl21:RWL21.DLL
 0002:00000248       __imp__RwRotateMatrix@24   00426248     rwl21:RWL21.DLL
 0002:0000024c       __imp__RwScaleMatrix@20    0042624c     rwl21:RWL21.DLL
 0002:00000250       __imp__RwTransformClump@12 00426250     rwl21:RWL21.DLL
 0002:00000254       __imp__RwTransformCamera@12 00426254     rwl21:RWL21.DLL
 0002:00000258       __imp__RwTransformLight@12 00426258     rwl21:RWL21.DLL
 0002:0000025c       __imp__RwPopScratchMatrix@0 0042625c     rwl21:RWL21.DLL
 0002:00000260       __imp__RwGetCameraBackdrop@4 00426260     rwl21:RWL21.DLL
 0002:00000264       __imp__RwSetCameraBackdrop@8 00426264     rwl21:RWL21.DLL
 0002:00000268       __imp__RwSetCameraBackdropViewportRect@20 00426268     rwl21:RWL21.DLL
 0002:0000026c       __imp__RwDestroyRaster@4   0042626c     rwl21:RWL21.DLL
 0002:00000270       __imp__RwDestroyStereoCamera@4 00426270     rwl21:RWL21.DLL
 0002:00000274       __imp__RwDestroyCamera@4   00426274     rwl21:RWL21.DLL
 0002:00000278       __imp__RwRemoveLightFromScene@4 00426278     rwl21:RWL21.DLL
 0002:0000027c       __imp__RwDestroyLight@4    0042627c     rwl21:RWL21.DLL
 0002:00000280       __imp__RwRemoveClumpFromScene@4 00426280     rwl21:RWL21.DLL
 0002:00000284       __imp__RwCreateSprite@4    00426284     rwl21:RWL21.DLL
 0002:00000288       __imp__RwSetClumpAxisAlignment@8 00426288     rwl21:RWL21.DLL
 0002:0000028c       __imp__RwReadShape@4       0042628c     rwl21:RWL21.DLL
 0002:00000290       __imp__RwSetClumpHints@8   00426290     rwl21:RWL21.DLL
 0002:00000294       __imp__RwAddClumpToScene@8 00426294     rwl21:RWL21.DLL
 0002:00000298       __imp__RwCreateLight@20    00426298     rwl21:RWL21.DLL
 0002:0000029c       __imp__RwSetLightRadius@8  0042629c     rwl21:RWL21.DLL
 0002:000002a0       __imp__RwAddLightToScene@8 004262a0     rwl21:RWL21.DLL
 0002:000002a4       __imp__RwCreateStereoCamera@12 004262a4     rwl21:RWL21.DLL
 0002:000002a8       __imp__RwSetStereoCameraMode@8 004262a8     rwl21:RWL21.DLL
 0002:000002ac       __imp__RwCreateCamera@12   004262ac     rwl21:RWL21.DLL
 0002:000002b0       __imp__RwSetCameraNearClipping@8 004262b0     rwl21:RWL21.DLL
 0002:000002b4       __imp__RwSetCameraViewport@20 004262b4     rwl21:RWL21.DLL
 0002:000002b8       __imp__RwCreateClump@8     004262b8     rwl21:RWL21.DLL
 0002:000002bc       __imp__RwForAllClumpsInHierarchy@8 004262bc     rwl21:RWL21.DLL
 0002:000002c0       __imp__RwDestroyClump@4    004262c0     rwl21:RWL21.DLL
 0002:000002c4       __imp__RwAddPolygonsToClump@8 004262c4     rwl21:RWL21.DLL
 0002:000002c8       __imp__RwGetCameraViewwindow@12 004262c8     rwl21:RWL21.DLL
 0002:000002cc       __imp__RwGetCameraViewport@20 004262cc     rwl21:RWL21.DLL
 0002:000002d0       __imp__RwSetCameraViewwindow@12 004262d0     rwl21:RWL21.DLL
 0002:000002d4       __imp__RwGetClumpNumVertices@4 004262d4     rwl21:RWL21.DLL
 0002:000002d8       __imp__RwDestroyTexture@4  004262d8     rwl21:RWL21.DLL
 0002:000002dc       __imp__RwDeviceControl@16  004262dc     rwl21:RWL21.DLL
 0002:000002e0       __imp__RwGetDeviceInfo@12  004262e0     rwl21:RWL21.DLL
 0002:000002e4       __imp__RwOpenExt@16        004262e4     rwl21:RWL21.DLL
 0002:000002e8       __imp__RwCreateScene@0     004262e8     rwl21:RWL21.DLL
 0002:000002ec       \177RWL21_NULL_THUNK_DATA  004262ec     rwl21:RWL21.DLL
 0002:000002f0       __imp__KillTimer@8         004262f0     user32:USER32.dll
 0002:000002f4       __imp__ReleaseCapture@0    004262f4     user32:USER32.dll
 0002:000002f8       __imp__SetCapture@4        004262f8     user32:USER32.dll
 0002:000002fc       __imp__AdjustWindowRect@12 004262fc     user32:USER32.dll
 0002:00000300       __imp__GetWindowRect@8     00426300     user32:USER32.dll
 0002:00000304       __imp__ReleaseDC@8         00426304     user32:USER32.dll
 0002:00000308       __imp__SetTimer@16         00426308     user32:USER32.dll
 0002:0000030c       __imp__ClipCursor@4        0042630c     user32:USER32.dll
 0002:00000310       __imp__BeginPaint@8        00426310     user32:USER32.dll
 0002:00000314       __imp__DispatchMessageA@4  00426314     user32:USER32.dll
 0002:00000318       __imp__TranslateAcceleratorA@12 00426318     user32:USER32.dll
 0002:0000031c       __imp__TranslateMessage@4  0042631c     user32:USER32.dll
 0002:00000320       __imp__IsDialogMessageA@8  00426320     user32:USER32.dll
 0002:00000324       __imp__PeekMessageA@20     00426324     user32:USER32.dll
 0002:00000328       __imp__GetDC@4             00426328     user32:USER32.dll
 0002:0000032c       __imp__EndPaint@8          0042632c     user32:USER32.dll
 0002:00000330       __imp__PostQuitMessage@4   00426330     user32:USER32.dll
 0002:00000334       __imp__PtInRect@12         00426334     user32:USER32.dll
 0002:00000338       __imp__GetKeyState@4       00426338     user32:USER32.dll
 0002:0000033c       __imp__GetCursorPos@4      0042633c     user32:USER32.dll
 0002:00000340       __imp__ScreenToClient@8    00426340     user32:USER32.dll
 0002:00000344       __imp__GetClientRect@8     00426344     user32:USER32.dll
 0002:00000348       __imp__GetSystemMetrics@4  00426348     user32:USER32.dll
 0002:0000034c       __imp__DestroyWindow@4     0042634c     user32:USER32.dll
 0002:00000350       __imp__SetWindowPos@28     00426350     user32:USER32.dll
 0002:00000354       __imp__UpdateWindow@4      00426354     user32:USER32.dll
 0002:00000358       __imp__SetActiveWindow@4   00426358     user32:USER32.dll
 0002:0000035c       __imp__LoadAcceleratorsA@8 0042635c     user32:USER32.dll
 0002:00000360       __imp__LoadIconA@8         00426360     user32:USER32.dll
 0002:00000364       __imp__LoadCursorA@8       00426364     user32:USER32.dll
 0002:00000368       __imp__RegisterClassA@4    00426368     user32:USER32.dll
 0002:0000036c       __imp__SetClassLongA@12    0042636c     user32:USER32.dll
 0002:00000370       __imp__IsIconic@4          00426370     user32:USER32.dll
 0002:00000374       __imp__MoveWindow@24       00426374     user32:USER32.dll
 0002:00000378       __imp__ClientToScreen@8    00426378     user32:USER32.dll
 0002:0000037c       __imp__CreateWindowExA@48  0042637c     user32:USER32.dll
 0002:00000380       __imp__GetSystemMenu@8     00426380     user32:USER32.dll
 0002:00000384       __imp__AppendMenuA@16      00426384     user32:USER32.dll
 0002:00000388       __imp__ModifyMenuA@20      00426388     user32:USER32.dll
 0002:0000038c       __imp__ShowWindow@8        0042638c     user32:USER32.dll
 0002:00000390       __imp__DefWindowProcA@16   00426390     user32:USER32.dll
 0002:00000394       __imp__CloseClipboard@0    00426394     user32:USER32.dll
 0002:00000398       __imp__SetFocus@4          00426398     user32:USER32.dll
 0002:0000039c       __imp__IsClipboardFormatAvailable@4 0042639c     user32:USER32.dll
 0002:000003a0       __imp__OpenClipboard@4     004263a0     user32:USER32.dll
 0002:000003a4       __imp__GetClipboardData@4  004263a4     user32:USER32.dll
 0002:000003a8       __imp__FindWindowA@8       004263a8     user32:USER32.dll
 0002:000003ac       __imp__PostThreadMessageA@16 004263ac     user32:USER32.dll
 0002:000003b0       __imp__MessageBoxA@16      004263b0     user32:USER32.dll
 0002:000003b4       __imp__SendMessageA@16     004263b4     user32:USER32.dll
 0002:000003b8       \177USER32_NULL_THUNK_DATA 004263b8     user32:USER32.dll
 0002:000003bc       __imp__closesocket@4       004263bc     wsock32:WSOCK32.dll
 0002:000003c0       __imp__recv@16             004263c0     wsock32:WSOCK32.dll
 0002:000003c4       __imp____WSAFDIsSet@8      004263c4     wsock32:WSOCK32.dll
 0002:000003c8       __imp__accept@12           004263c8     wsock32:WSOCK32.dll
 0002:000003cc       __imp__select@20           004263cc     wsock32:WSOCK32.dll
 0002:000003d0       __imp__getsockname@12      004263d0     wsock32:WSOCK32.dll
 0002:000003d4       __imp__ntohs@4             004263d4     wsock32:WSOCK32.dll
 0002:000003d8       __imp__getpeername@12      004263d8     wsock32:WSOCK32.dll
 0002:000003dc       __imp__listen@8            004263dc     wsock32:WSOCK32.dll
 0002:000003e0       __imp__socket@12           004263e0     wsock32:WSOCK32.dll
 0002:000003e4       __imp__setsockopt@20       004263e4     wsock32:WSOCK32.dll
 0002:000003e8       __imp__send@16             004263e8     wsock32:WSOCK32.dll
 0002:000003ec       __imp__WSAGetLastError@0   004263ec     wsock32:WSOCK32.dll
 0002:000003f0       __imp__ioctlsocket@12      004263f0     wsock32:WSOCK32.dll
 0002:000003f4       __imp__bind@12             004263f4     wsock32:WSOCK32.dll
 0002:000003f8       __imp__htons@4             004263f8     wsock32:WSOCK32.dll
 0002:000003fc       __imp__connect@12          004263fc     wsock32:WSOCK32.dll
 0002:00000400       __imp__htonl@4             00426400     wsock32:WSOCK32.dll
 0002:00000404       __imp__WSAStartup@8        00426404     wsock32:WSOCK32.dll
 0002:00000408       __imp__WSACleanup@0        00426408     wsock32:WSOCK32.dll
 0002:0000040c       __imp__gethostname@8       0042640c     wsock32:WSOCK32.dll
 0002:00000410       __imp__gethostbyname@4     00426410     wsock32:WSOCK32.dll
 0002:00000414       __imp__ntohl@4             00426414     wsock32:WSOCK32.dll
 0002:00000418       __imp__inet_addr@4         00426418     wsock32:WSOCK32.dll
 0002:0000041c       __imp__WSAAsyncSelect@16   0042641c     wsock32:WSOCK32.dll
 0002:00000420       \177WSOCK32_NULL_THUNK_DATA 00426420     wsock32:WSOCK32.dll
 0002:00000430       __real@8@00000000000000000000 00426430     Forth.obj
 0002:00000438       __real@8@401dfffffffe00000000 00426438     Forth.obj
 0002:00000440       __real@8@c01e8000000000000000 00426440     Forth.obj
 0002:00000448       __real@8@401e8000000000000000 00426448     Meme.obj
 0002:00000450       __real@8@4002a000000000000000 00426450     Meme.obj
 0002:00000458       __real@8@3fff8000000000000000 00426458     Meme.obj
 0002:00000460       __real@8@3fe08000000000000000 00426460     Meme.obj
 0002:00000468       __real@8@3ffefff972474538f000 00426468     Mememat.obj
 0002:00000470       __real@4@3ff7a3d70a3d70a3d800 00426470     Memerend.obj
 0002:00000474       __real@4@3ffcccccccccccccd000 00426474     Memerend.obj
 0002:00000478       __real@8@4004e52ee0d31e0fc000 00426478     Memerend.obj
 0002:00000480       __real@8@3fcf8000000000000000 00426480     Memerend.obj
 0002:00000488       __real@4@3fff8000000000000000 00426488     Memerend.obj
 0002:0000048c       ??_C@_0BG@JPLP@Illegal?5byte?5sequence?$AA@ 0042648c     LIBC:syserr.obj
 0002:000004a4       ??_C@_0BE@FLBN@Directory?5not?5empty?$AA@ 004264a4     LIBC:syserr.obj
 0002:000004b8       ??_C@_0BJ@KAFL@Function?5not?5implemented?$AA@ 004264b8     LIBC:syserr.obj
 0002:000004d4       ??_C@_0BD@CEML@No?5locks?5available?$AA@ 004264d4     LIBC:syserr.obj
 0002:000004e8       ??_C@_0BC@GADJ@Filename?5too?5long?$AA@ 004264e8     LIBC:syserr.obj
 0002:000004fc       ??_C@_0BK@FNFN@Resource?5deadlock?5avoided?$AA@ 004264fc     LIBC:syserr.obj
 0002:00000518       ??_C@_0BB@EALI@Result?5too?5large?$AA@ 00426518     LIBC:syserr.obj
 0002:0000052c       ??_C@_0N@FIAN@Domain?5error?$AA@ 0042652c     LIBC:syserr.obj
 0002:0000053c       ??_C@_0M@CLKF@Broken?5pipe?$AA@ 0042653c     LIBC:syserr.obj
 0002:00000548       ??_C@_0P@OFDM@Too?5many?5links?$AA@ 00426548     LIBC:syserr.obj
 0002:00000558       ??_C@_0BG@OHDM@Read?9only?5file?5system?$AA@ 00426558     LIBC:syserr.obj
 0002:00000570       ??_C@_0N@NGPA@Invalid?5seek?$AA@ 00426570     LIBC:syserr.obj
 0002:00000580       ??_C@_0BI@DMFE@No?5space?5left?5on?5device?$AA@ 00426580     LIBC:syserr.obj
 0002:00000598       ??_C@_0P@OPNK@File?5too?5large?$AA@ 00426598     LIBC:syserr.obj
 0002:000005a8       ??_C@_0CE@BADJ@Inappropriate?5I?1O?5control?5operat@ 004265a8     LIBC:syserr.obj
 0002:000005cc       ??_C@_0BE@COOK@Too?5many?5open?5files?$AA@ 004265cc     LIBC:syserr.obj
 0002:000005e0       ??_C@_0BO@ELHF@Too?5many?5open?5files?5in?5system?$AA@ 004265e0     LIBC:syserr.obj
 0002:00000600       ??_C@_0BB@IHAB@Invalid?5argument?$AA@ 00426600     LIBC:syserr.obj
 0002:00000614       ??_C@_0P@NDNC@Is?5a?5directory?$AA@ 00426614     LIBC:syserr.obj
 0002:00000624       ??_C@_0BA@JMMO@Not?5a?5directory?$AA@ 00426624     LIBC:syserr.obj
 0002:00000634       ??_C@_0P@GFAI@No?5such?5device?$AA@ 00426634     LIBC:syserr.obj
 0002:00000644       ??_C@_0O@KHHM@Improper?5link?$AA@ 00426644     LIBC:syserr.obj
 0002:00000654       ??_C@_0M@EPHJ@File?5exists?$AA@ 00426654     LIBC:syserr.obj
 0002:00000660       ??_C@_0BA@LPOH@Resource?5device?$AA@ 00426660     LIBC:syserr.obj
 0002:00000670       ??_C@_0O@NOFB@Unknown?5error?$AA@ 00426670     LIBC:syserr.obj
 0002:00000680       ??_C@_0M@MLJM@Bad?5address?$AA@ 00426680     LIBC:syserr.obj
 0002:0000068c       ??_C@_0BC@DJON@Permission?5denied?$AA@ 0042668c     LIBC:syserr.obj
 0002:000006a0       ??_C@_0BB@KDDC@Not?5enough?5space?$AA@ 004266a0     LIBC:syserr.obj
 0002:000006b4       ??_C@_0CB@BBBH@Resource?5temporarily?5unavailable@ 004266b4     LIBC:syserr.obj
 0002:000006d8       ??_C@_0BD@ODIH@No?5child?5processes?$AA@ 004266d8     LIBC:syserr.obj
 0002:000006ec       ??_C@_0BE@CDDH@Bad?5file?5descriptor?$AA@ 004266ec     LIBC:syserr.obj
 0002:00000700       ??_C@_0BC@BICL@Exec?5format?5error?$AA@ 00426700     LIBC:syserr.obj
 0002:00000714       ??_C@_0BC@IGMC@Arg?5list?5too?5long?$AA@ 00426714     LIBC:syserr.obj
 0002:00000728       ??_C@_0BK@HLB@No?5such?5device?5or?5address?$AA@ 00426728     LIBC:syserr.obj
 0002:00000744       ??_C@_0BD@MPKK@Input?1output?5error?$AA@ 00426744     LIBC:syserr.obj
 0002:00000758       ??_C@_0BK@ODCM@Interrupted?5function?5call?$AA@ 00426758     LIBC:syserr.obj
 0002:00000774       ??_C@_0BA@BPKN@No?5such?5process?$AA@ 00426774     LIBC:syserr.obj
 0002:00000784       ??_C@_0BK@IEMO@No?5such?5file?5or?5directory?$AA@ 00426784     LIBC:syserr.obj
 0002:000007a0       ??_C@_0BI@IIAE@Operation?5not?5permitted?$AA@ 004267a0     LIBC:syserr.obj
 0002:000007b8       ??_C@_08KKBH@No?5error?$AA@ 004267b8     LIBC:syserr.obj
 0002:000007c4       ??_C@_07OOMJ@cmd?4exe?$AA@ 004267c4     LIBC:system.obj
 0002:000007cc       ??_C@_0M@IPJP@command?4com?$AA@ 004267cc     LIBC:system.obj
 0002:000007d8       ??_C@_02JMK@?1c?$AA@       004267d8     LIBC:system.obj
 0002:000007dc       ??_C@_07KFDO@COMSPEC?$AA@  004267dc     LIBC:system.obj
 0002:00000808       __real@8@4015800bf60000000000 00426808     LIBC:testfdiv.obj
 0002:00000810       __real@8@4014bffffc0000000000 00426810     LIBC:testfdiv.obj
 0002:00000818       ??_C@_0BK@JEGK@IsProcessorFeaturePresent?$AA@ 00426818     LIBC:testfdiv.obj
 0002:00000834       ??_C@_08OBID@KERNEL32?$AA@ 00426834     LIBC:testfdiv.obj
 0002:00000840       ??_C@_05OFLO@e?$CL000?$AA@ 00426840     LIBC:cvt.obj
 0002:00000848       ___lookuptable             00426848     LIBC:output.obj
 0002:000008a4       ??_C@_1O@POHA@?$AA?$CI?$AAn?$AAu?$AAl?$AAl?$AA?$CJ?$AA?$AA@ 004268a4     LIBC:output.obj
 0002:000008b4       ??_C@_06ONKE@?$CInull?$CJ?$AA@ 004268b4     LIBC:output.obj
 0002:000008bc       ___dnames                  004268bc     LIBC:timeset.obj
 0002:000008d4       ___mnames                  004268d4     LIBC:timeset.obj
 0002:000008fc       ??_C@_02JHIA@TZ?$AA@       004268fc     LIBC:tzset.obj
 0002:00000900       ??_C@_03GAFO@_yn?$AA@      00426900     LIBC:fpexcept.obj
 0002:00000904       ??_C@_03GNLD@_y1?$AA@      00426904     LIBC:fpexcept.obj
 0002:00000908       ??_C@_03MHCE@_y0?$AA@      00426908     LIBC:fpexcept.obj
 0002:0000090c       ??_C@_05PAK@frexp?$AA@     0042690c     LIBC:fpexcept.obj
 0002:00000914       ??_C@_04JKCH@fmod?$AA@     00426914     LIBC:fpexcept.obj
 0002:0000091c       ??_C@_06GGHF@_hypot?$AA@   0042691c     LIBC:fpexcept.obj
 0002:00000924       ??_C@_05JNMC@_cabs?$AA@    00426924     LIBC:fpexcept.obj
 0002:0000092c       ??_C@_05MEKH@ldexp?$AA@    0042692c     LIBC:fpexcept.obj
 0002:00000934       ??_C@_04KAOJ@modf?$AA@     00426934     LIBC:fpexcept.obj
 0002:0000093c       ??_C@_04EHAJ@fabs?$AA@     0042693c     LIBC:fpexcept.obj
 0002:00000944       ??_C@_05MFBN@floor?$AA@    00426944     LIBC:fpexcept.obj
 0002:0000094c       ??_C@_04JJMP@ceil?$AA@     0042694c     LIBC:fpexcept.obj
 0002:00000954       ??_C@_03JLPI@tan?$AA@      00426954     LIBC:fpexcept.obj
 0002:00000958       ??_C@_03DLFL@cos?$AA@      00426958     LIBC:fpexcept.obj
 0002:0000095c       ??_C@_03JAMN@sin?$AA@      0042695c     LIBC:fpexcept.obj
 0002:00000960       ??_C@_04LMBE@sqrt?$AA@     00426960     LIBC:fpexcept.obj
[...]
 0003:00013314       _win32s                    0043b314     <common>
 0003:00013318       _theGraphicsWindow         0043b318     <common>
 0003:0001331c       _exitWParam                0043b31c     <common>
 0003:00013320       _env                       0043b320     <common>
 0003:00013360       _theScene                  0043b360     <common>
 0003:00013364       _MSockIdleList             0043b364     <common>
 0003:00013380       _myhostname                0043b380     <common>
 0003:000133b4       _MSockActiveList           0043b3b4     <common>
 0003:000133b8       _HostIDList                0043b3b8     <common>
 0003:000133c0       _infiles                   0043b3c0     <common>
 0003:00014400       _infileno                  0043c400     <common>
 0003:00014404       _strptr                    0043c404     <common>
 0003:00014408       _envMEMEFILES              0043c408     <common>
 0003:0001440c       _origin                    0043c40c     <common>
 0003:00014410       _xfsp                      0043c410     <common>
 0003:00014414       _currentYear               0043c414     <common>
 0003:00014420       _parameter_stack           0043c420     <common>
 0003:00014830       _oldRWSHAPEPATH            0043c830     <common>
 0003:00014834       _nrelbytes                 0043c834     <common>
 0003:00014838       _main_task_active          0043c838     <common>
 0003:0001483c       _dict_end                  0043c83c     <common>
 0003:00014840       _comp_buffer               0043c840     <common>
 0003:00014c40       _httpProxyHost             0043cc40     <common>
 0003:00014ca4       _multitasking              0043cca4     <common>
 0003:00014ca8       _relmap                    0043cca8     <common>
 0003:00014cc0       _DebuggerData              0043ccc0     <common>
 0003:00015d00       _anti_task                 0043dd00     <common>
 0003:00016500       _urelmap                   0043e500     <common>
 0003:00016504       _nurelbytes                0043e504     <common>
 0003:00016520       _argv0                     0043e520     <common>
 0003:000165a0       _saved_dp                  0043e5a0     <common>
 0003:000165c0       _Modules                   0043e5c0     <common>
 0003:00016dc0       _envMEMETMP                0043edc0     <common>
 0003:00016dd0       _CurCam                    0043edd0     <common>
 0003:00016de0       _locnames                  0043ede0     <common>
 0003:00017360       _xrp                       0043f360     <common>
 0003:00017364       _xsp                       0043f364     <common>
 0003:00017368       _xup                       0043f368     <common>
 0003:00017380       _floatstr                  0043f380     <common>
 0003:000173c0       _return_stack              0043f3c0     <common>
 0003:000177e0       _floatstack                0043f7e0     <common>
 0003:00017900       _Objects                   0043f900     <common>
 0003:00033900       _errMsg                    0045b900     <common>
 0003:00033d00       _currentMonth              0045bd00     <common>
 0003:00033d04       _oldRWHOME                 0045bd04     <common>
 0003:00033d20       _startupModuleName         0045bd20     <common>
 0003:00033d60       _envMEME                   0045bd60     <common>
 0003:00033d64       _comp_level                0045bd64     <common>
 0003:00033d80       _cachefilename             0045bd80     <common>
 0003:00033e00       _cachetmpfilename          0045be00     <common>
 0003:00033e80       _tibbuf                    0045be80     <common>
 0003:00033f80       _fbits                     0045bf80     <common>
 0003:00033fa0       _wordbuf                   0045bfa0     <common>
 0003:000340c0       _main_task                 0045c0c0     <common>
 0003:000348c0       _locnum                    0045c8c0     <common>
 0003:000348c4       _currentDay                0045c8c4     <common>
 0003:000348c8       _nlocnames                 0045c8c8     <common>
 0003:000348e0       _astrbuf                   0045c8e0     <common>
 0003:00034a00       _num_buf                   0045ca00     <common>
 0003:00034a30       _tempvoc                   0045ca30     <common>
 0003:00034a3c       ___mbcodepage              0045ca3c     <common>
 0003:00034a40       ___mbulinfo                0045ca40     <common>
 0003:00034a4c       ___ismbcodepage            0045ca4c     <common>
 0003:00034a60       __mbcasemap                0045ca60     <common>
 0003:00034b60       __mbctype                  0045cb60     <common>
 0003:00034c64       ___mblcid                  0045cc64     <common>
 0003:00034c68       __matherr_flag             0045cc68     <common>
 0003:00034c80       ___pioinfo                 0045cc80     <common>
 0003:00034d80       __nhandle                  0045cd80     <common>
 0003:00034d84       ___sbh_sizeHeaderList      0045cd84     <common>
 0003:00034d88       ___sbh_indGroupDefer       0045cd88     <common>
 0003:00034d8c       ___sbh_pHeaderScan         0045cd8c     <common>
 0003:00034d90       ___sbh_pHeaderDefer        0045cd90     <common>
 0003:00034d94       ___sbh_cntHeaderList       0045cd94     <common>
 0003:00034d98       ___sbh_pHeaderList         0045cd98     <common>
 0003:00034d9c       __crtheap                  0045cd9c     <common>
 0003:00034da0       __acmdln                   0045cda0     <common>
 0003:00034da4       ___piob                    0045cda4     <common>
 0003:00034dc0       __bufin                    0045cdc0     <common>
 0003:00035dc0       __nstream                  0045ddc0     <common>
 0003:00035dc4       ___env_initialized         0045ddc4     <common>
 0003:00035dc8       ___mbctype_initialized     0045ddc8     <common>
 0003:00035dcc       ___onexitend               0045ddcc     <common>
 0003:00035dd0       ___onexitbegin             0045ddd0     <common>

 entry point at        0001:0001a1ef

 Static symbols

 0001:00014700       __MemePolygonMaterial@8    00415700 f   Memerend.obj
 0001:00014b50       __MemeGetPolygon@8         00415b50 f   Memerend.obj
 0001:00014c60       __MemeReverseShapeNormals@4 00415c60 f   Memerend.obj
 0001:00010cf0       _FreeMSock                 00411cf0 f   memenet.obj
 0001:00012940       _DispatchIncomingMessages  00413940 f   memenet.obj
 0001:0002462e       _xtoa                      0042562e f   LIBC:xtoa.obj
 0001:00023f77       _wcsncnt                   00424f77 f   LIBC:w_cmp.obj
 0001:00023f77       _wcsncnt                   00424f77 f   LIBC:w_cmp.obj
 0001:000235d2       _x_ismbbtype               004245d2 f   LIBC:ismbbyte.obj
 0001:0002337a       _getSystemCP               0042437a f   LIBC:mbctype.obj
 0001:000233c4       _CPtoLCID                  004243c4 f   LIBC:mbctype.obj
 0001:000233f7       _setSBCS                   004243f7 f   LIBC:mbctype.obj
 0001:00023420       _setSBUpLow                00424420 f   LIBC:mbctype.obj
 0001:000231b6       _strncnt                   004241b6 f   LIBC:a_cmp.obj
 0001:00021720       LeadUp1                    00422720 f   LIBC:memmove.obj
 0001:0002174c       LeadUp2                    0042274c f   LIBC:memmove.obj
 0001:00021770       LeadUp3                    00422770 f   LIBC:memmove.obj
 0001:000217ef       UnwindUp0                  004227ef f   LIBC:memmove.obj
 0001:000217dc       UnwindUp1                  004227dc f   LIBC:memmove.obj
 0001:000217d4       UnwindUp2                  004227d4 f   LIBC:memmove.obj
 0001:000217cc       UnwindUp3                  004227cc f   LIBC:memmove.obj
 0001:000217c4       UnwindUp4                  004227c4 f   LIBC:memmove.obj
 0001:000217bc       UnwindUp5                  004227bc f   LIBC:memmove.obj
 0001:000217b4       UnwindUp6                  004227b4 f   LIBC:memmove.obj
 0001:000217ac       UnwindUp7                  004227ac f   LIBC:memmove.obj
 0001:00021808       TrailUp0                   00422808 f   LIBC:memmove.obj
 0001:00021810       TrailUp1                   00422810 f   LIBC:memmove.obj
 0001:0002181c       TrailUp2                   0042281c f   LIBC:memmove.obj
 0001:00021830       TrailUp3                   00422830 f   LIBC:memmove.obj
 0001:000218a8       LeadDown1                  004228a8 f   LIBC:memmove.obj
 0001:000218c8       LeadDown2                  004228c8 f   LIBC:memmove.obj
 0001:000218f0       LeadDown3                  004228f0 f   LIBC:memmove.obj
 0001:00021944       UnwindDown7                00422944 f   LIBC:memmove.obj
 0001:0002194c       UnwindDown6                0042294c f   LIBC:memmove.obj
 0001:00021954       UnwindDown5                00422954 f   LIBC:memmove.obj
 0001:0002195c       UnwindDown4                0042295c f   LIBC:memmove.obj
 0001:00021964       UnwindDown3                00422964 f   LIBC:memmove.obj
 0001:0002196c       UnwindDown2                0042296c f   LIBC:memmove.obj
 0001:00021974       UnwindDown1                00422974 f   LIBC:memmove.obj
 0001:00021987       UnwindDown0                00422987 f   LIBC:memmove.obj
 0001:000219a0       TrailDown0                 004229a0 f   LIBC:memmove.obj
 0001:000219a8       TrailDown1                 004229a8 f   LIBC:memmove.obj
 0001:000219b8       TrailDown2                 004229b8 f   LIBC:memmove.obj
 0001:000219cc       TrailDown3                 004229cc f   LIBC:memmove.obj
 0001:00021154       _parse_cmdline             00422154 f   LIBC:stdargv.obj
 0001:00020f67       _xcptlookup                00421f67 f   LIBC:winxfltr.obj
 0001:000231b6       _strncnt                   004241b6 f   LIBC:a_cmp.obj
 0001:000208c2       _findenv                   004218c2 f   LIBC:setenv.obj
 0001:0002091a       _copy_environ              0042191a f   LIBC:setenv.obj
 0001:00020678       _wfindenv                  00421678 f   LIBC:wsetenv.obj
 0001:000206d4       _copy_environ              004216d4 f   LIBC:wsetenv.obj
 0001:00020459       __hextodec                 00421459 f   LIBC:input.obj
 0001:00020490       __inc                      00421490 f   LIBC:input.obj
 0001:000204aa       __un_inc                   004214aa f   LIBC:input.obj
 0001:000204c1       __whiteout                 004214c1 f   LIBC:input.obj
 0001:0001ec84       label0                     0041fc84 f   LIBC:adj_fdiv.obj
 0001:0001ec8a       label1                     0041fc8a f   LIBC:adj_fdiv.obj
 0001:0001ec8f       label2                     0041fc8f f   LIBC:adj_fdiv.obj
 0001:0001ec95       label3                     0041fc95 f   LIBC:adj_fdiv.obj
 0001:0001ec9a       label4                     0041fc9a f   LIBC:adj_fdiv.obj
 0001:0001eca0       label5                     0041fca0 f   LIBC:adj_fdiv.obj
 0001:0001eca6       label6                     0041fca6 f   LIBC:adj_fdiv.obj
 0001:0001ecac       label7                     0041fcac f   LIBC:adj_fdiv.obj
 0001:0001ecb2       label8                     0041fcb2 f   LIBC:adj_fdiv.obj
 0001:0001ecce       label9                     0041fcce f   LIBC:adj_fdiv.obj
 0001:0001ecd3       label10                    0041fcd3 f   LIBC:adj_fdiv.obj
 0001:0001ece9       label11                    0041fce9 f   LIBC:adj_fdiv.obj
 0001:0001ecee       label12                    0041fcee f   LIBC:adj_fdiv.obj
 0001:0001ed0a       label13                    0041fd0a f   LIBC:adj_fdiv.obj
 0001:0001ed1a       label14                    0041fd1a f   LIBC:adj_fdiv.obj
 0001:0001ed2e       label15                    0041fd2e f   LIBC:adj_fdiv.obj
 0001:0001ed3e       label16                    0041fd3e f   LIBC:adj_fdiv.obj
 0001:0001ed5e       label17                    0041fd5e f   LIBC:adj_fdiv.obj
 0001:0001ed63       label18                    0041fd63 f   LIBC:adj_fdiv.obj
 0001:0001ed7d       label19                    0041fd7d f   LIBC:adj_fdiv.obj
 0001:0001ed82       label20                    0041fd82 f   LIBC:adj_fdiv.obj
 0001:0001eda2       label21                    0041fda2 f   LIBC:adj_fdiv.obj
 0001:0001edb6       label22                    0041fdb6 f   LIBC:adj_fdiv.obj
 0001:0001edce       label23                    0041fdce f   LIBC:adj_fdiv.obj
 0001:0001ede2       label24                    0041fde2 f   LIBC:adj_fdiv.obj
 0001:0001ee02       label25                    0041fe02 f   LIBC:adj_fdiv.obj
 0001:0001ee07       label26                    0041fe07 f   LIBC:adj_fdiv.obj
 0001:0001ee21       label27                    0041fe21 f   LIBC:adj_fdiv.obj
 0001:0001ee26       label28                    0041fe26 f   LIBC:adj_fdiv.obj
 0001:0001ee46       label29                    0041fe46 f   LIBC:adj_fdiv.obj
 0001:0001ee5a       label30                    0041fe5a f   LIBC:adj_fdiv.obj
 0001:0001ee72       label31                    0041fe72 f   LIBC:adj_fdiv.obj
 0001:0001ee86       label32                    0041fe86 f   LIBC:adj_fdiv.obj
 0001:0001eea6       label33                    0041fea6 f   LIBC:adj_fdiv.obj
 0001:0001eeab       label34                    0041feab f   LIBC:adj_fdiv.obj
 0001:0001eec5       label35                    0041fec5 f   LIBC:adj_fdiv.obj
 0001:0001eeca       label36                    0041feca f   LIBC:adj_fdiv.obj
 0001:0001eeea       label37                    0041feea f   LIBC:adj_fdiv.obj
 0001:0001eefe       label38                    0041fefe f   LIBC:adj_fdiv.obj
 0001:0001ef16       label39                    0041ff16 f   LIBC:adj_fdiv.obj
 0001:0001ef2a       label40                    0041ff2a f   LIBC:adj_fdiv.obj
 0001:0001ef4a       label41                    0041ff4a f   LIBC:adj_fdiv.obj
 0001:0001ef4f       label42                    0041ff4f f   LIBC:adj_fdiv.obj
 0001:0001ef69       label43                    0041ff69 f   LIBC:adj_fdiv.obj
 0001:0001ef6e       label44                    0041ff6e f   LIBC:adj_fdiv.obj
 0001:0001ef8e       label45                    0041ff8e f   LIBC:adj_fdiv.obj
 0001:0001efa2       label46                    0041ffa2 f   LIBC:adj_fdiv.obj
 0001:0001efba       label47                    0041ffba f   LIBC:adj_fdiv.obj
 0001:0001efce       label48                    0041ffce f   LIBC:adj_fdiv.obj
 0001:0001efee       label49                    0041ffee f   LIBC:adj_fdiv.obj
 0001:0001eff3       label50                    0041fff3 f   LIBC:adj_fdiv.obj
 0001:0001f00d       label51                    0042000d f   LIBC:adj_fdiv.obj
 0001:0001f012       label52                    00420012 f   LIBC:adj_fdiv.obj
 0001:0001f032       label53                    00420032 f   LIBC:adj_fdiv.obj
 0001:0001f046       label54                    00420046 f   LIBC:adj_fdiv.obj
 0001:0001f05e       label55                    0042005e f   LIBC:adj_fdiv.obj
 0001:0001f072       label56                    00420072 f   LIBC:adj_fdiv.obj
 0001:0001f092       label57                    00420092 f   LIBC:adj_fdiv.obj
 0001:0001f097       label58                    00420097 f   LIBC:adj_fdiv.obj
 0001:0001f0b1       label59                    004200b1 f   LIBC:adj_fdiv.obj
 0001:0001f0b6       label60                    004200b6 f   LIBC:adj_fdiv.obj
 0001:0001f0d6       label61                    004200d6 f   LIBC:adj_fdiv.obj
 0001:0001f0ea       label62                    004200ea f   LIBC:adj_fdiv.obj
 0001:0001f102       label63                    00420102 f   LIBC:adj_fdiv.obj
 0001:0001e810       fFSINH                     0041f810 f   LIBC:87trigh.obj
 0001:0001e884       _rtforsnhinf               0041f884 f   LIBC:87trigh.obj
 0001:0001e862       fFCOSH                     0041f862 f   LIBC:87trigh.obj
 0001:0001e891       _rtforcshinf               0041f891 f   LIBC:87trigh.obj
 0001:0001e829       fFTANH                     0041f829 f   LIBC:87trigh.obj
 0001:0001e8b1       _rtfortnhinf               0041f8b1 f   LIBC:87trigh.obj
 0001:0001e0b1       fFEXP                      0041f0b1 f   LIBC:87tran.obj
 0001:0001e1f1       _rtforexpinf               0041f1f1 f   LIBC:87tran.obj
 0001:0001e003       _comexecmd                 0041f003 f   LIBC:spawnve.obj
 0001:0001d98e       __get_fname                0041e98e f   LIBC:fpexcept.obj
 0001:0001ccaa       _cvtdate                   0041dcaa f   LIBC:tzset.obj
 0001:0001c454       _write_char                0041d454 f   LIBC:output.obj
 0001:0001c489       _write_multi_char          0041d489 f   LIBC:output.obj
 0001:0001c4ba       _write_string              0041d4ba f   LIBC:output.obj
 0001:0001c4f2       _get_int_arg               0041d4f2 f   LIBC:output.obj
 0001:0001c4ff       _get_int64_arg             0041d4ff f   LIBC:output.obj
 0001:0001c50f       _get_short_arg             0041d50f f   LIBC:output.obj
 0001:0001b749       __cftoe_g                  0041c749 f   LIBC:cvt.obj
 0001:0001b770       __cftof_g                  0041c770 f   LIBC:cvt.obj
 0001:0001b7e4       __shift                    0041c7e4 f   LIBC:cvt.obj
 0001:0001b090       LeadUp1                    0041c090 f   LIBC:memcpy.obj
 0001:0001b0bc       LeadUp2                    0041c0bc f   LIBC:memcpy.obj
 0001:0001b0e0       LeadUp3                    0041c0e0 f   LIBC:memcpy.obj
 0001:0001b15f       UnwindUp0                  0041c15f f   LIBC:memcpy.obj
 0001:0001b14c       UnwindUp1                  0041c14c f   LIBC:memcpy.obj
 0001:0001b144       UnwindUp2                  0041c144 f   LIBC:memcpy.obj
 0001:0001b13c       UnwindUp3                  0041c13c f   LIBC:memcpy.obj
 0001:0001b134       UnwindUp4                  0041c134 f   LIBC:memcpy.obj
 0001:0001b12c       UnwindUp5                  0041c12c f   LIBC:memcpy.obj
 0001:0001b124       UnwindUp6                  0041c124 f   LIBC:memcpy.obj
 0001:0001b11c       UnwindUp7                  0041c11c f   LIBC:memcpy.obj
 0001:0001b178       TrailUp0                   0041c178 f   LIBC:memcpy.obj
 0001:0001b180       TrailUp1                   0041c180 f   LIBC:memcpy.obj
 0001:0001b18c       TrailUp2                   0041c18c f   LIBC:memcpy.obj
 0001:0001b1a0       TrailUp3                   0041c1a0 f   LIBC:memcpy.obj
 0001:0001b218       LeadDown1                  0041c218 f   LIBC:memcpy.obj
 0001:0001b238       LeadDown2                  0041c238 f   LIBC:memcpy.obj
 0001:0001b260       LeadDown3                  0041c260 f   LIBC:memcpy.obj
 0001:0001b2b4       UnwindDown7                0041c2b4 f   LIBC:memcpy.obj
 0001:0001b2bc       UnwindDown6                0041c2bc f   LIBC:memcpy.obj
 0001:0001b2c4       UnwindDown5                0041c2c4 f   LIBC:memcpy.obj
 0001:0001b2cc       UnwindDown4                0041c2cc f   LIBC:memcpy.obj
 0001:0001b2d4       UnwindDown3                0041c2d4 f   LIBC:memcpy.obj
 0001:0001b2dc       UnwindDown2                0041c2dc f   LIBC:memcpy.obj
 0001:0001b2e4       UnwindDown1                0041c2e4 f   LIBC:memcpy.obj
 0001:0001b2f7       UnwindDown0                0041c2f7 f   LIBC:memcpy.obj
 0001:0001b310       TrailDown0                 0041c310 f   LIBC:memcpy.obj
 0001:0001b318       TrailDown1                 0041c318 f   LIBC:memcpy.obj
 0001:0001b328       TrailDown2                 0041c328 f   LIBC:memcpy.obj
 0001:0001b33c       TrailDown3                 0041c33c f   LIBC:memcpy.obj
 0001:0001aedc       _gu_return                 0041bedc f   LIBC:exsup.obj
 0001:0001aee4       __unwind_handler           0041bee4 f   LIBC:exsup.obj
 0001:0001a30a       _fast_error_exit           0041b30a f   LIBC:wincrt0.obj
 0001:0001a0d4       __abstract_cw              0041b0d4 f   LIBC:ieee87.obj
 0001:0001a166       __hw_cw                    0041b166 f   LIBC:ieee87.obj
 0001:00019fe2       _ctrlevent_capture@4       0041afe2 f   LIBC:winsig.obj
 0001:0001a01a       _siglookup                 0041b01a f   LIBC:winsig.obj
 0001:00019684       fFMOD                      0041a684 f   LIBC:87fmod.obj
 0001:00019106       _doexit                    0041a106 f   LIBC:crt0dat.obj
 0001:0001919f       __initterm                 0041a19f f   LIBC:crt0dat.obj
 0001:00018d80       _flsall                    00419d80 f   LIBC:fflush.obj

 160 bytes saved through ICF

